This is pdfTeX, Version 3.141592653-2.6-1.40.28 (MiKTeX 25.12) (preloaded format=pdflatex 2026.10.2)  8 OCT 2026 00:33
entering extended mode
 restricted \write18 enabled.
 %&-line parsing enabled.
**./Informe_Proyecto_Grua_STS_3009.tex
(Informe_Proyecto_Grua_STS_3009.tex
LaTeX2e <2025-11-01>
L3 programming layer <2025-12-24>
(ieeeconf.cls

LaTeX Warning: You have requested document class `ieeeconf',
               but the document class provides `IEEEconf'.

Document Class: IEEEconf 2009/04/05 v1.4 IEEE Computer Society 8.5x11" conferen
ce proceedings
(C:\Users\meesc\AppData\Local\Programs\MiKTeX\tex/latex/base\article.cls
Document Class: article 2025/01/22 v1.4n Standard LaTeX document class
(C:\Users\meesc\AppData\Local\Programs\MiKTeX\tex/latex/base\size10.clo
File: size10.clo 2025/01/22 v1.4n Standard LaTeX file (size option)
)
\c@part=\count275
\c@section=\count276
\c@subsection=\count277
\c@subsubsection=\count278
\c@paragraph=\count279
\c@subparagraph=\count280
\c@figure=\count281
\c@table=\count282
\abovecaptionskip=\skip49
\belowcaptionskip=\skip50
\bibindent=\dimen148
)
(C:\Users\meesc\AppData\Local\Programs\MiKTeX\tex/latex/geometry\geometry.sty
Package: geometry 2026/03/07 v6.0 Page Geometry

(C:\Users\meesc\AppData\Local\Programs\MiKTeX\tex/latex/graphics\keyval.sty
Package: keyval 2022/05/29 v1.15 key=value parser (DPC)
\KV@toks@=\toks17
)
(C:\Users\meesc\AppData\Local\Programs\MiKTeX\tex/generic/iftex\ifvtex.sty
Package: ifvtex 2019/10/25 v1.7 ifvtex legacy package. Use iftex instead.

(C:\Users\meesc\AppData\Local\Programs\MiKTeX\tex/generic/iftex\iftex.sty
Package: iftex 2024/12/12 v1.0g TeX engine tests
))
\Gm@cnth=\count283
\Gm@cntv=\count284
\c@Gm@tempcnt=\count285
\Gm@bindingoffset=\dimen149
\Gm@wd@mp=\dimen150
\Gm@odd@mp=\dimen151
\Gm@even@mp=\dimen152
\Gm@layoutwidth=\dimen153
\Gm@layoutheight=\dimen154
\Gm@layouthoffset=\dimen155
\Gm@layoutvoffset=\dimen156
\Gm@dimlist=\toks18

(C:\Users\meesc\AppData\Local\Programs\MiKTeX\tex/latex/geometry\geometry.cfg))
(C:\Users\meesc\AppData\Local\Programs\MiKTeX\tex/latex/psnfss\mathptmx.sty
Package: mathptmx 2020/03/25 PSNFSS-v9.3 Times w/ Math, improved (SPQR, WaS) 
LaTeX Font Info:    Redeclaring symbol font `operators' on input line 28.
LaTeX Font Info:    Overwriting symbol font `operators' in version `normal'
(Font)                  OT1/cmr/m/n --> OT1/ztmcm/m/n on input line 28.
LaTeX Font Info:    Overwriting symbol font `operators' in version `bold'
(Font)                  OT1/cmr/bx/n --> OT1/ztmcm/m/n on input line 28.
LaTeX Font Info:    Redeclaring symbol font `letters' on input line 29.
LaTeX Font Info:    Overwriting symbol font `letters' in version `normal'
(Font)                  OML/cmm/m/it --> OML/ztmcm/m/it on input line 29.
LaTeX Font Info:    Overwriting symbol font `letters' in version `bold'
(Font)                  OML/cmm/b/it --> OML/ztmcm/m/it on input line 29.
LaTeX Font Info:    Redeclaring symbol font `symbols' on input line 30.
LaTeX Font Info:    Overwriting symbol font `symbols' in version `normal'
(Font)                  OMS/cmsy/m/n --> OMS/ztmcm/m/n on input line 30.
LaTeX Font Info:    Overwriting symbol font `symbols' in version `bold'
(Font)                  OMS/cmsy/b/n --> OMS/ztmcm/m/n on input line 30.
LaTeX Font Info:    Redeclaring symbol font `largesymbols' on input line 31.
LaTeX Font Info:    Overwriting symbol font `largesymbols' in version `normal'
(Font)                  OMX/cmex/m/n --> OMX/ztmcm/m/n on input line 31.
LaTeX Font Info:    Overwriting symbol font `largesymbols' in version `bold'
(Font)                  OMX/cmex/m/n --> OMX/ztmcm/m/n on input line 31.
\symbold=\mathgroup4
\symitalic=\mathgroup5
LaTeX Font Info:    Redeclaring math alphabet \mathbf on input line 34.
LaTeX Font Info:    Overwriting math alphabet `\mathbf' in version `normal'
(Font)                  OT1/cmr/bx/n --> OT1/ptm/bx/n on input line 34.
LaTeX Font Info:    Overwriting math alphabet `\mathbf' in version `bold'
(Font)                  OT1/cmr/bx/n --> OT1/ptm/bx/n on input line 34.
LaTeX Font Info:    Redeclaring math alphabet \mathit on input line 35.
LaTeX Font Info:    Overwriting math alphabet `\mathit' in version `normal'
(Font)                  OT1/cmr/m/it --> OT1/ptm/m/it on input line 35.
LaTeX Font Info:    Overwriting math alphabet `\mathit' in version `bold'
(Font)                  OT1/cmr/bx/it --> OT1/ptm/m/it on input line 35.
LaTeX Info: Redefining \hbar on input line 50.
)
(C:\Users\meesc\AppData\Local\Programs\MiKTeX\tex/latex/psnfss\helvet.sty
Package: helvet 2020/03/25 PSNFSS-v9.3 (WaS) 
)
(C:\Users\meesc\AppData\Local\Programs\MiKTeX\tex/latex/psnfss\courier.sty
Package: courier 2020/03/25 PSNFSS-v9.3 (WaS) 
)
(C:\Users\meesc\AppData\Local\Programs\MiKTeX\tex/latex/tools\array.sty
Package: array 2025/09/25 v2.6n Tabular extension package (FMi)
\col@sep=\dimen157
\ar@mcellbox=\box53
\extrarowheight=\dimen158
\NC@list=\toks19
\extratabsurround=\skip51
\backup@length=\skip52
\ar@cellbox=\box54
)
\ieee@author@width=\skip53

(C:\Users\meesc\AppData\Local\Programs\MiKTeX\tex/latex/titlesec\titlesec.sty
Package: titlesec 2025/01/04 v2.17 Sectioning titles
\ttl@box=\box55
\beforetitleunit=\skip54
\aftertitleunit=\skip55
\ttl@plus=\dimen159
\ttl@minus=\dimen160
\ttl@toksa=\toks20
\titlewidth=\dimen161
\titlewidthlast=\dimen162
\titlewidthfirst=\dimen163
)) (C:\Users\meesc\AppData\Local\Programs\MiKTeX\tex/latex/base\inputenc.sty
Package: inputenc 2024/02/08 v1.3d Input encoding file
\inpenc@prehook=\toks21
\inpenc@posthook=\toks22
)
(C:\Users\meesc\AppData\Local\Programs\MiKTeX\tex/latex/base\fontenc.sty
Package: fontenc 2025/07/18 v2.1d Standard LaTeX package
LaTeX Font Info:    Trying to load font information for T1+ptm on input line 11
6.

(C:\Users\meesc\AppData\Local\Programs\MiKTeX\tex/latex/psnfss\t1ptm.fd
File: t1ptm.fd 2001/06/04 font definitions for T1/ptm.
))
(C:\Users\meesc\AppData\Local\Programs\MiKTeX\tex/generic/babel\babel.sty
Package: babel 2025/12/11 v25.17 The multilingual framework for LuaLaTeX, pdfLa
TeX and XeLaTeX
\babel@savecnt=\count286
LaTeX Encoding Info:    Redeclaring text command \ij (encoding OT1) on input li
ne 2068.
LaTeX Encoding Info:    Redeclaring text command \IJ (encoding OT1) on input li
ne 2070.
LaTeX Encoding Info:    Redeclaring text command \ij (encoding T1) on input lin
e 2072.
LaTeX Encoding Info:    Redeclaring text command \IJ (encoding T1) on input lin
e 2073.
LaTeX Encoding Info:    Ignoring declaration for text command \ij (encoding ?) 
on input line 2074.
LaTeX Encoding Info:    Ignoring declaration for text command \IJ (encoding ?) 
on input line 2076.
LaTeX Encoding Info:    Ignoring declaration for text command \SS (encoding ?) 
on input line 2101.
\U@D=\dimen164
\l@unhyphenated=\language79

(C:\Users\meesc\AppData\Local\Programs\MiKTeX\tex/generic/babel\txtbabel.def)
\bbl@readstream=\read2
\bbl@dirlevel=\count287
Package babel Info: Configuration files are deprecated, as
(babel)             they can break document portability.
(babel)             Reported on input line 4196.

*************************************
* Local config file bblopts.cfg used
*
(C:\Users\meesc\AppData\Local\Programs\MiKTeX\tex/latex/arabi\bblopts.cfg
File: bblopts.cfg 2005/09/08 v0.1 add Arabic and Farsi to "declared" options of
 babel
)
(C:\Users\meesc\AppData\Local\Programs\MiKTeX\tex/generic/babel/locale/es\babel
-spanish.tex)
Package babel Info: Importing font and identification data for spanish
(babel)             from babel-es.ini. Reported on input line 4320.

(C:\Users\meesc\AppData\Local\Programs\MiKTeX\tex/latex/babel-spanish\spanish.l
df
Language: spanish.ldf 2021/05/27 v5.0q Spanish support from the babel system
\es@quottoks=\toks23
\es@quotdepth=\count288
Package babel Info: Making " an active character on input line 570.
Package babel Info: Making . an active character on input line 675.
Package babel Info: Making < an active character on input line 722.
Package babel Info: Making > an active character on input line 722.
))
LaTeX Encoding Info:    Redeclaring text command \guillemotleft (encoding OT1) 
on input line 6.
LaTeX Encoding Info:    Redeclaring text command \guillemotright (encoding OT1)
 on input line 6.

(C:\Users\meesc\AppData\Local\Programs\MiKTeX\tex/latex/fancyhdr\fancyhdr.sty
Package: fancyhdr 2025/02/07 v5.2 Extensive control of page headers and footers

\f@nch@headwidth=\skip56
\f@nch@offset@elh=\skip57
\f@nch@offset@erh=\skip58
\f@nch@offset@olh=\skip59
\f@nch@offset@orh=\skip60
\f@nch@offset@elf=\skip61
\f@nch@offset@erf=\skip62
\f@nch@offset@olf=\skip63
\f@nch@offset@orf=\skip64
\f@nch@height=\skip65
\f@nch@footalignment=\skip66
\f@nch@widthL=\skip67
\f@nch@widthC=\skip68
\f@nch@widthR=\skip69
\@temptokenb=\toks24
)
(C:\Users\meesc\AppData\Local\Programs\MiKTeX\tex/latex/lastpage\lastpage.sty
Package: lastpage 2025/08/14 v2.1h lastpage: 2.09 or 2e? (HMM)

(C:\Users\meesc\AppData\Local\Programs\MiKTeX\tex/latex/lastpage\lastpage2e.sty
Package: lastpage2e 2025/08/14 v2.1h Decide which 2e lastpage version to use (H
MM)

(C:\Users\meesc\AppData\Local\Programs\MiKTeX\tex/latex/lastpage\lastpagemodern
.sty
Package: lastpagemodern 2025-08-14 v2.1h Refers to last page's name (HMM; JPG)
\c@lastpagecount=\count289
) 
))
(C:\Users\meesc\AppData\Local\Programs\MiKTeX\tex/latex/graphics\graphicx.sty
Package: graphicx 2024/12/31 v1.2e Enhanced LaTeX Graphics (DPC,SPQR)

(C:\Users\meesc\AppData\Local\Programs\MiKTeX\tex/latex/graphics\graphics.sty
Package: graphics 2024/08/06 v1.4g Standard LaTeX Graphics (DPC,SPQR)

(C:\Users\meesc\AppData\Local\Programs\MiKTeX\tex/latex/graphics\trig.sty
Package: trig 2023/12/02 v1.11 sin cos tan (DPC)
)
(C:\Users\meesc\AppData\Local\Programs\MiKTeX\tex/latex/graphics-cfg\graphics.c
fg
File: graphics.cfg 2016/06/04 v1.11 sample graphics configuration
)
Package graphics Info: Driver file: pdftex.def on input line 106.

(C:\Users\meesc\AppData\Local\Programs\MiKTeX\tex/latex/graphics-def\pdftex.def
File: pdftex.def 2025/09/29 v1.2d Graphics/color driver for pdftex
))
\Gin@req@height=\dimen165
\Gin@req@width=\dimen166
) (C:\Users\meesc\AppData\Local\Programs\MiKTeX\tex/latex/amsmath\amsmath.sty
Package: amsmath 2025/07/09 v2.17z AMS math features
\@mathmargin=\skip70
For additional information on amsmath, use the `?' option.
(C:\Users\meesc\AppData\Local\Programs\MiKTeX\tex/latex/amsmath\amstext.sty
Package: amstext 2024/11/17 v2.01 AMS text

(C:\Users\meesc\AppData\Local\Programs\MiKTeX\tex/latex/amsmath\amsgen.sty
File: amsgen.sty 1999/11/30 v2.0 generic functions
\@emptytoks=\toks25
\ex@=\dimen167
))
(C:\Users\meesc\AppData\Local\Programs\MiKTeX\tex/latex/amsmath\amsbsy.sty
Package: amsbsy 1999/11/29 v1.2d Bold Symbols
\pmbraise@=\dimen168
)
(C:\Users\meesc\AppData\Local\Programs\MiKTeX\tex/latex/amsmath\amsopn.sty
Package: amsopn 2022/04/08 v2.04 operator names
)
\inf@bad=\count290
LaTeX Info: Redefining \frac on input line 233.
\uproot@=\count291
\leftroot@=\count292
LaTeX Info: Redefining \overline on input line 398.
LaTeX Info: Redefining \colon on input line 409.
\classnum@=\count293
\DOTSCASE@=\count294
LaTeX Info: Redefining \ldots on input line 495.
LaTeX Info: Redefining \dots on input line 498.
LaTeX Info: Redefining \cdots on input line 619.
\Mathstrutbox@=\box56
\strutbox@=\box57
LaTeX Info: Redefining \big on input line 721.
LaTeX Info: Redefining \Big on input line 722.
LaTeX Info: Redefining \bigg on input line 723.
LaTeX Info: Redefining \Bigg on input line 724.
\big@size=\dimen169
LaTeX Font Info:    Redeclaring font encoding OML on input line 742.
LaTeX Font Info:    Redeclaring font encoding OMS on input line 743.
\macc@depth=\count295
LaTeX Info: Redefining \bmod on input line 904.
LaTeX Info: Redefining \pmod on input line 909.
LaTeX Info: Redefining \smash on input line 939.
LaTeX Info: Redefining \relbar on input line 969.
LaTeX Info: Redefining \Relbar on input line 970.
\c@MaxMatrixCols=\count296
\dotsspace@=\muskip17
\c@parentequation=\count297
\dspbrk@lvl=\count298
\tag@help=\toks26
\row@=\count299
\column@=\count300
\maxfields@=\count301
\andhelp@=\toks27
\eqnshift@=\dimen170
\alignsep@=\dimen171
\tagshift@=\dimen172
\tagwidth@=\dimen173
\totwidth@=\dimen174
\lineht@=\dimen175
\@envbody=\toks28
\multlinegap=\skip71
\multlinetaggap=\skip72
\mathdisplay@stack=\toks29
LaTeX Info: Redefining \[ on input line 2950.
LaTeX Info: Redefining \] on input line 2951.
)
(C:\Users\meesc\AppData\Local\Programs\MiKTeX\tex/latex/amsfonts\amssymb.sty
Package: amssymb 2013/01/14 v3.01 AMS font symbols

(C:\Users\meesc\AppData\Local\Programs\MiKTeX\tex/latex/amsfonts\amsfonts.sty
Package: amsfonts 2013/01/14 v3.01 Basic AMSFonts support
\symAMSa=\mathgroup6
\symAMSb=\mathgroup7
LaTeX Font Info:    Overwriting math alphabet `\mathfrak' in version `bold'
(Font)                  U/euf/m/n --> U/euf/b/n on input line 106.
))
(C:\Users\meesc\AppData\Local\Programs\MiKTeX\tex/latex/adjustbox\adjustbox.sty
Package: adjustbox 2025/02/26 v1.3c Adjusting TeX boxes (trim, clip, ...)
(C:\Users\meesc\AppData\Local\Programs\MiKTeX\tex/latex/xkeyval\xkeyval.sty
Package: xkeyval 2022/06/16 v2.9 package option processing (HA)

(C:\Users\meesc\AppData\Local\Programs\MiKTeX\tex/generic/xkeyval\xkeyval.tex
(C:\Users\meesc\AppData\Local\Programs\MiKTeX\tex/generic/xkeyval\xkvutils.tex
\XKV@toks=\toks30
\XKV@tempa@toks=\toks31
)
\XKV@depth=\count302
File: xkeyval.tex 2014/12/03 v2.7a key=value parser (HA)
))
(C:\Users\meesc\AppData\Local\Programs\MiKTeX\tex/latex/adjustbox\adjcalc.sty
Package: adjcalc 2012/05/16 v1.1 Provides advanced setlength with multiple back
-ends (calc, etex, pgfmath)
)
(C:\Users\meesc\AppData\Local\Programs\MiKTeX\tex/latex/adjustbox\trimclip.sty
Package: trimclip 2025/02/21 v1.2a Trim and clip general TeX material

(C:\Users\meesc\AppData\Local\Programs\MiKTeX\tex/latex/collectbox\collectbox.s
ty
Package: collectbox 2022/10/17 v0.4c Collect macro arguments as boxes
\collectedbox=\box58
)
\tc@llx=\dimen176
\tc@lly=\dimen177
\tc@urx=\dimen178
\tc@ury=\dimen179
Package trimclip Info: Using driver 'tc-pdftex.def'.

(C:\Users\meesc\AppData\Local\Programs\MiKTeX\tex/latex/adjustbox\tc-pdftex.def
File: tc-pdftex.def 2025/02/26 v2.3 Clipping driver for pdftex
))
\adjbox@Width=\dimen180
\adjbox@Height=\dimen181
\adjbox@Depth=\dimen182
\adjbox@Totalheight=\dimen183
\adjbox@pwidth=\dimen184
\adjbox@pheight=\dimen185
\adjbox@pdepth=\dimen186
\adjbox@ptotalheight=\dimen187

(C:\Users\meesc\AppData\Local\Programs\MiKTeX\tex/latex/ifoddpage\ifoddpage.sty
Package: ifoddpage 2022/10/18 v1.2 Conditionals for odd/even page detection
\c@checkoddpage=\count303
) (C:\Users\meesc\AppData\Local\Programs\MiKTeX\tex/latex/varwidth\varwidth.sty
Package: varwidth 2009/03/30 ver 0.92;  Variable-width minipages
\@vwid@box=\box59
\sift@deathcycles=\count304
\@vwid@loff=\dimen188
\@vwid@roff=\dimen189
)
==> First Aid for varwidth.sty applied!
) (C:\Users\meesc\AppData\Local\Programs\MiKTeX\tex/latex/cleveref\cleveref.sty
Package: cleveref 2018/03/27 v0.21.4 Intelligent cross-referencing
)
==> First Aid for cleveref.sty applied!
(C:\Users\meesc\AppData\Local\Programs\MiKTeX\tex/latex/hyphenat\hyphenat.sty
Package: hyphenat 2009/09/02 v2.3c hyphenation utilities
\langwohyphens=\language80
LaTeX Info: Redefining \_ on input line 43.
)
(C:\Users\meesc\AppData\Local\Programs\MiKTeX\tex/latex/float\float.sty
Package: float 2001/11/08 v1.3d Float enhancements (AL)
\c@float@type=\count305
\float@exts=\toks32
\float@box=\box60
\@float@everytoks=\toks33
\@floatcapt=\box61
)
(C:\Users\meesc\AppData\Local\Programs\MiKTeX\tex/latex/multirow\multirow.sty
Package: multirow 2024/11/12 v2.9 Span multiple rows of a table
\multirow@colwidth=\skip73
\multirow@cntb=\count306
\multirow@dima=\skip74
\bigstrutjot=\dimen190
)
(C:\Users\meesc\AppData\Local\Programs\MiKTeX\tex/latex/base\textcomp.sty
Package: textcomp 2024/04/24 v2.1b Standard LaTeX package
)
(C:\Users\meesc\AppData\Local\Programs\MiKTeX\tex/latex/url\url.sty
\Urlmuskip=\muskip18
Package: url 2013/09/16  ver 3.4  Verb mode for urls, etc.
)
(C:\Users\meesc\AppData\Local\Programs\MiKTeX\tex/latex/tools\longtable.sty
Package: longtable 2025-10-13 v4.24 Multi-page Table package (DPC)
\LTleft=\skip75
\LTright=\skip76
\LTpre=\skip77
\LTpost=\skip78
\LTchunksize=\count307
\LTcapwidth=\dimen191
\LT@head=\box62
\LT@firsthead=\box63
\LT@foot=\box64
\LT@lastfoot=\box65
\LT@gbox=\box66
\LT@cols=\count308
\LT@rows=\count309
\c@LT@tables=\count310
\c@LT@chunks=\count311
\LT@p@ftn=\toks34
)
(C:\Users\meesc\AppData\Local\Programs\MiKTeX\tex/latex/booktabs\booktabs.sty
Package: booktabs 2020/01/12 v1.61803398 Publication quality tables
\heavyrulewidth=\dimen192
\lightrulewidth=\dimen193
\cmidrulewidth=\dimen194
\belowrulesep=\dimen195
\belowbottomsep=\dimen196
\aboverulesep=\dimen197
\abovetopsep=\dimen198
\cmidrulesep=\dimen199
\cmidrulekern=\dimen256
\defaultaddspace=\dimen257
\@cmidla=\count312
\@cmidlb=\count313
\@aboverulesep=\dimen258
\@belowrulesep=\dimen259
\@thisruleclass=\count314
\@lastruleclass=\count315
\@thisrulewidth=\dimen260
)
(C:\Users\meesc\AppData\Local\Programs\MiKTeX\tex/latex/xcolor\xcolor.sty
Package: xcolor 2024/09/29 v3.02 LaTeX color extensions (UK)

(C:\Users\meesc\AppData\Local\Programs\MiKTeX\tex/latex/graphics-cfg\color.cfg
File: color.cfg 2016/01/02 v1.6 sample color configuration
)
Package xcolor Info: Driver file: pdftex.def on input line 274.
(C:\Users\meesc\AppData\Local\Programs\MiKTeX\tex/latex/graphics\mathcolor.ltx)
Package xcolor Info: Model `cmy' substituted by `cmy0' on input line 1349.
Package xcolor Info: Model `hsb' substituted by `rgb' on input line 1353.
Package xcolor Info: Model `RGB' extended on input line 1365.
Package xcolor Info: Model `HTML' substituted by `rgb' on input line 1367.
Package xcolor Info: Model `Hsb' substituted by `hsb' on input line 1368.
Package xcolor Info: Model `tHsb' substituted by `hsb' on input line 1369.
Package xcolor Info: Model `HSB' substituted by `hsb' on input line 1370.
Package xcolor Info: Model `Gray' substituted by `gray' on input line 1371.
Package xcolor Info: Model `wave' substituted by `hsb' on input line 1372.
) (C:\Users\meesc\AppData\Local\Programs\MiKTeX\tex/latex/listings\listings.sty
\lst@mode=\count316
\lst@gtempboxa=\box67
\lst@token=\toks35
\lst@length=\count317
\lst@currlwidth=\dimen261
\lst@column=\count318
\lst@pos=\count319
\lst@lostspace=\dimen262
\lst@width=\dimen263
\lst@newlines=\count320
\lst@lineno=\count321
\lst@maxwidth=\dimen264
(C:\Users\meesc\AppData\Local\Programs\MiKTeX\tex/latex/listings\lstpatch.sty
File: lstpatch.sty 2025/11/14 1.11b (Carsten Heinz)
)
(C:\Users\meesc\AppData\Local\Programs\MiKTeX\tex/latex/listings\lstmisc.sty
File: lstmisc.sty 2025/11/14 1.11b (Carsten Heinz)
\c@lstnumber=\count322
\lst@skipnumbers=\count323
\lst@framebox=\box68
)
(C:\Users\meesc\AppData\Local\Programs\MiKTeX\tex/latex/listings\listings.cfg
File: listings.cfg 2025/11/14 1.11b listings configuration
))
Package: listings 2025/11/14 1.11b (Carsten Heinz)
==> First Aid for listings.sty no longer applied!
    Expected:
        2024/09/23 1.10c (Carsten Heinz)
    but found:
        2025/11/14 1.11b (Carsten Heinz)
    so I'm assuming it got fixed.
(C:\Users\meesc\AppData\Local\Programs\MiKTeX\tex/latex/caption\caption.sty
Package: caption 2023/08/05 v3.6o Customizing captions (AR)

(C:\Users\meesc\AppData\Local\Programs\MiKTeX\tex/latex/caption\caption3.sty
Package: caption3 2023/07/31 v2.4d caption3 kernel (AR)
\caption@tempdima=\dimen265
\captionmargin=\dimen266
\caption@leftmargin=\dimen267
\caption@rightmargin=\dimen268
\caption@width=\dimen269
\caption@indent=\dimen270
\caption@parindent=\dimen271
\caption@hangindent=\dimen272
Package caption Info: Unknown document class (or package),
(caption)             standard defaults will be used.
Package caption Info: \@makecaption = \long macro:#1#2->\vskip \abovecaptionski
p \sbox \@tempboxa {\ieee@helv@x@bold #1. #2}\ifdim \wd \@tempboxa >\hsize \iee
e@helv@x@bold #1. #2\par \else \global \@minipagefalse \hb@xt@ \hsize {\hfil \b
ox \@tempboxa \hfil }\fi \vskip \belowcaptionskip  on input line 1175.
)

Package caption Warning: Unknown document class (or package),
(caption)                standard defaults will be used.
See the caption package documentation for explanation.

\c@caption@flags=\count324
\c@continuedfloat=\count325
Package caption Info: float package is loaded.
Package caption Info: listings package is loaded.
Package caption Info: longtable package is loaded.
(C:\Users\meesc\AppData\Local\Programs\MiKTeX\tex/latex/caption\ltcaption.sty
Package: ltcaption 2021/01/08 v1.4c longtable captions (AR)
)) (C:\Users\meesc\AppData\Local\Programs\MiKTeX\tex/latex/titlesec\titletoc.st
y
Package: titletoc 2025/01/04 v2.17 TOC entries
\ttl@leftsep=\dimen273
)
(C:\Users\meesc\AppData\Local\Programs\MiKTeX\tex/latex/l3backend\l3backend-pdf
tex.def
File: l3backend-pdftex.def 2025-10-09 L3 backend support: PDF output (pdfTeX)
\l__color_backend_stack_int=\count326
)

LaTeX Warning: Unused global option(s):
    [journal].

(Informe_Proyecto_Grua_STS_3009.aux
LaTeX Info: Redefining \. on input line 9.
LaTeX Info: Redefining \% on input line 9.
Package babel Info: 'spanish' activates 'spanish' shorthands.
(babel)             Reported on input line 9.
)
\openout1 = `Informe_Proyecto_Grua_STS_3009.aux'.

LaTeX Font Info:    Checking defaults for OML/cmm/m/it on input line 81.
LaTeX Font Info:    ... okay on input line 81.
LaTeX Font Info:    Checking defaults for OMS/cmsy/m/n on input line 81.
LaTeX Font Info:    ... okay on input line 81.
LaTeX Font Info:    Checking defaults for OT1/cmr/m/n on input line 81.
LaTeX Font Info:    ... okay on input line 81.
LaTeX Font Info:    Checking defaults for T1/cmr/m/n on input line 81.
LaTeX Font Info:    ... okay on input line 81.
LaTeX Font Info:    Checking defaults for TS1/cmr/m/n on input line 81.
LaTeX Font Info:    ... okay on input line 81.
LaTeX Font Info:    Checking defaults for OMX/cmex/m/n on input line 81.
LaTeX Font Info:    ... okay on input line 81.
LaTeX Font Info:    Checking defaults for U/cmr/m/n on input line 81.
LaTeX Font Info:    ... okay on input line 81.

*geometry* driver: auto-detecting
*geometry* detected driver: pdftex
*geometry* verbose mode - [ preamble ] result:
* driver: pdftex
* paper: a4paper
* layout: <same size as paper>
* layoutoffset:(h,v)=(0.0pt,0.0pt)
* modes: 
* h-part:(L,W,R)=(63.87643pt, 469.75499pt, 63.87645pt)
* v-part:(T,H,B)=(72.26999pt, 641.39624pt, 131.38062pt)
* \paperwidth=597.50787pt
* \paperheight=845.04684pt
* \textwidth=469.75499pt
* \textheight=641.39624pt
* \oddsidemargin=-8.39355pt
* \evensidemargin=-8.39355pt
* \topmargin=0.0pt
* \headheight=35.0pt
* \headsep=10.0pt
* \topskip=10.0pt
* \footskip=18.0pt
* \marginparwidth=57.0pt
* \marginparsep=11.0pt
* \columnsep=27.10124pt
* \skip\footins=9.0pt plus 4.0pt minus 2.0pt
* \hoffset=0.0pt
* \voffset=0.0pt
* \mag=1000
* \@twocolumnfalse
* \@twosidefalse
* \@mparswitchfalse
* \@reversemarginfalse
* (1in=72.27pt=25.4mm, 1cm=28.453pt)

LaTeX Info: Redefining \. on input line 81.
LaTeX Info: Redefining \% on input line 81.

(C:\Users\meesc\AppData\Local\Programs\MiKTeX\tex/context/base/mkii\supp-pdf.mk
ii
[Loading MPS to PDF converter (version 2006.09.02).]
\scratchcounter=\count327
\scratchdimen=\dimen274
\scratchbox=\box69
\nofMPsegments=\count328
\nofMParguments=\count329
\everyMPshowfont=\toks36
\MPscratchCnt=\count330
\MPscratchDim=\dimen275
\MPnumerator=\count331
\makeMPintoPDFobject=\count332
\everyMPtoPDFconversion=\toks37
)
(C:\Users\meesc\AppData\Local\Programs\MiKTeX\tex/latex/epstopdf-pkg\epstopdf-b
ase.sty
Package: epstopdf-base 2020-01-24 v2.11 Base part for package epstopdf
Package epstopdf-base Info: Redefining graphics rule for `.eps' on input line 4
85.

(C:\Users\meesc\AppData\Local\Programs\MiKTeX\tex/latex/00miktex\epstopdf-sys.c
fg
File: epstopdf-sys.cfg 2021/03/18 v2.0 Configuration of epstopdf for MiKTeX
))
\c@lstlisting=\count333
Package caption Info: Begin \AtBeginDocument code.
Package caption Info: End \AtBeginDocument code.
<logo_ref-000.png, id=1, 903.375pt x 293.095pt>
File: logo_ref-000.png Graphic file (type png)
<use logo_ref-000.png>
Package pdftex.def Info: logo_ref-000.png  used on input line 86.
(pdftex.def)             Requested size: 225.48038pt x 73.1528pt.
 [1

{C:/Users/meesc/AppData/Local/MiKTeX/fonts/map/pdftex/pdftex.map}{C:/Users/mees
c/AppData/Local/Programs/MiKTeX/fonts/enc/dvips/base/8r.enc} <./logo_ref-000.pn
g (PNG copy)>] (Informe_Proyecto_Grua_STS_3009.toc
LaTeX Info: Redefining \. on input line 1.
LaTeX Info: Redefining \% on input line 1.
 [1] [2])
\tf@toc=\write3
\openout3 = `Informe_Proyecto_Grua_STS_3009.toc'.

 [3] [4

]
LaTeX Font Info:    Trying to load font information for OT1+ztmcm on input line
 141.

(C:\Users\meesc\AppData\Local\Programs\MiKTeX\tex/latex/psnfss\ot1ztmcm.fd
File: ot1ztmcm.fd 2000/01/03 Fontinst v1.801 font definitions for OT1/ztmcm.
)
LaTeX Font Info:    Trying to load font information for OML+ztmcm on input line
 141.

(C:\Users\meesc\AppData\Local\Programs\MiKTeX\tex/latex/psnfss\omlztmcm.fd
File: omlztmcm.fd 2000/01/03 Fontinst v1.801 font definitions for OML/ztmcm.
)
LaTeX Font Info:    Trying to load font information for OMS+ztmcm on input line
 141.

(C:\Users\meesc\AppData\Local\Programs\MiKTeX\tex/latex/psnfss\omsztmcm.fd
File: omsztmcm.fd 2000/01/03 Fontinst v1.801 font definitions for OMS/ztmcm.
)
LaTeX Font Info:    Trying to load font information for OMX+ztmcm on input line
 141.

(C:\Users\meesc\AppData\Local\Programs\MiKTeX\tex/latex/psnfss\omxztmcm.fd
File: omxztmcm.fd 2000/01/03 Fontinst v1.801 font definitions for OMX/ztmcm.
)
LaTeX Font Info:    Trying to load font information for OT1+ptm on input line 1
41.

(C:\Users\meesc\AppData\Local\Programs\MiKTeX\tex/latex/psnfss\ot1ptm.fd
File: ot1ptm.fd 2001/06/04 font definitions for OT1/ptm.
)
LaTeX Font Info:    Font shape `OT1/ptm/bx/n' in size <10> not available
(Font)              Font shape `OT1/ptm/b/n' tried instead on input line 141.
LaTeX Font Info:    Font shape `OT1/ptm/bx/n' in size <7.4> not available
(Font)              Font shape `OT1/ptm/b/n' tried instead on input line 141.
LaTeX Font Info:    Font shape `OT1/ptm/bx/n' in size <6> not available
(Font)              Font shape `OT1/ptm/b/n' tried instead on input line 141.
LaTeX Font Info:    Font shape `OT1/ptm/bx/n' in size <9> not available
(Font)              Font shape `OT1/ptm/b/n' tried instead on input line 148.
LaTeX Font Info:    Font shape `OT1/ptm/bx/n' in size <7> not available
(Font)              Font shape `OT1/ptm/b/n' tried instead on input line 148.
LaTeX Font Info:    Font shape `OT1/ptm/bx/n' in size <5> not available
(Font)              Font shape `OT1/ptm/b/n' tried instead on input line 148.

[5] [6]
LaTeX Font Info:    Trying to load font information for T1+pcr on input line 19
6.
 (C:\Users\meesc\AppData\Local\Programs\MiKTeX\tex/latex/psnfss\t1pcr.fd
File: t1pcr.fd 2001/06/04 font definitions for T1/pcr.
)
<imagenes_informe/P_1.png, id=32, 800.9925pt x 421.575pt>
File: imagenes_informe/P_1.png Graphic file (type png)
<use imagenes_informe/P_1.png>
Package pdftex.def Info: imagenes_informe/P_1.png  used on input line 200.
(pdftex.def)             Requested size: 446.2658pt x 234.87746pt.
LaTeX Font Info:    Font shape `T1/pcr/m/it' in size <9> not available
(Font)              Font shape `T1/pcr/m/sl' tried instead on input line 201.
 [7]
<imagenes_informe/P_long1.png, id=38, 687.7695pt x 395.67825pt>
File: imagenes_informe/P_long1.png Graphic file (type png)
<use imagenes_informe/P_long1.png>
Package pdftex.def Info: imagenes_informe/P_long1.png  used on input line 216.
(pdftex.def)             Requested size: 413.38667pt x 237.82536pt.
<imagenes_informe/P_carga4sw_.png, id=39, 551.661pt x 275.22826pt>
File: imagenes_informe/P_carga4sw_.png Graphic file (type png)
<use imagenes_informe/P_carga4sw_.png>
Package pdftex.def Info: imagenes_informe/P_carga4sw_.png  used on input line 2
22.
(pdftex.def)             Requested size: 352.31624pt x 175.77171pt.
<imagenes_informe/P_carga3contacto_.png, id=40, 594.42075pt x 358.941pt>
File: imagenes_informe/P_carga3contacto_.png Graphic file (type png)
<use imagenes_informe/P_carga3contacto_.png>
Package pdftex.def Info: imagenes_informe/P_carga3contacto_.png  used on input 
line 239.
(pdftex.def)             Requested size: 403.98956pt x 243.95067pt.
 [8 <./imagenes_informe/P_1.png>]
<imagenes_informe/P_carga2din_.png, id=47, 810.02625pt x 361.95226pt>
File: imagenes_informe/P_carga2din_.png Graphic file (type png)
<use imagenes_informe/P_carga2din_.png>
Package pdftex.def Info: imagenes_informe/P_carga2din_.png  used on input line 
253.
(pdftex.def)             Requested size: 441.57083pt x 197.31253pt.
 [9 <./imagenes_informe/P_long1.png> <./imagenes_informe/P_carga4sw_.png>] [10 
<./imagenes_informe/P_carga3contacto_.png> <./imagenes_informe/P_carga2din_.png
>]
<imagenes_informe/P_izj1.png, id=58, 924.45375pt x 437.2335pt>
File: imagenes_informe/P_izj1.png Graphic file (type png)
<use imagenes_informe/P_izj1.png>
Package pdftex.def Info: imagenes_informe/P_izj1.png  used on input line 275.
(pdftex.def)             Requested size: 441.57083pt x 208.84892pt.
 [11 <./imagenes_informe/P_izj1.png>]
<imagenes_informe/P_carro1.png, id=64, 782.925pt x 427.5975pt>
File: imagenes_informe/P_carro1.png Graphic file (type png)
<use imagenes_informe/P_carro1.png>
Package pdftex.def Info: imagenes_informe/P_carro1.png  used on input line 300.

(pdftex.def)             Requested size: 441.57083pt x 241.16893pt.

[12 <./imagenes_informe/P_carro1.png>]
<imagenes_informe/Sens_1.png, id=70, 391.4625pt x 491.436pt>
File: imagenes_informe/Sens_1.png Graphic file (type png)
<use imagenes_informe/Sens_1.png>
Package pdftex.def Info: imagenes_informe/Sens_1.png  used on input line 340.
(pdftex.def)             Requested size: 366.40831pt x 460.00774pt.
<imagenes_informe/PickPlace_chart.png, id=71, 997.326pt x 473.97075pt>
File: imagenes_informe/PickPlace_chart.png Graphic file (type png)
<use imagenes_informe/PickPlace_chart.png>
Package pdftex.def Info: imagenes_informe/PickPlace_chart.png  used on input li
ne 369.
(pdftex.def)             Requested size: 460.35788pt x 218.78134pt.
<imagenes_informe/PickPlace_actObs.png, id=72, 645.612pt x 311.36325pt>
File: imagenes_informe/PickPlace_actObs.png Graphic file (type png)
<use imagenes_informe/PickPlace_actObs.png>
Package pdftex.def Info: imagenes_informe/PickPlace_actObs.png  used on input l
ine 379.
(pdftex.def)             Requested size: 427.47876pt x 206.16551pt.

(C:\Users\meesc\AppData\Local\Programs\MiKTeX\tex/latex/listings\lstlang1.sty
File: lstlang1.sty 2025/11/14 1.11b listings language file
)
[13] [14 <./imagenes_informe/Sens_1.png>] [15 <./imagenes_informe/PickPlace_cha
rt.png> <./imagenes_informe/PickPlace_actObs.png>] [16] [17] [18] [19] [20]
[21] [22] [23] [24] [25] [26] [27]
Underfull \hbox (badness 1789) in paragraph at lines 628--629
[]\T1/ptm/m/n/10 El au-tó-ma-ta su-per-vi-sor se im-ple-men-ta co-mo un dia-gra
-ma Sta-te-flow con cin-co re-gio-nes pa-ra-le-las. La
 []


Underfull \hbox (badness 1348) in paragraph at lines 628--629
\T1/ptm/m/n/10 re-gión \T1/pcr/m/n/10 INTERLOCKS \T1/ptm/m/n/10 se eje-cu-ta en
 pri-mer lu-gar y acon-di-cio-na las en-tra-das, cal-cu-la ace-le-ra-cio-nes, l
í-mi-tes
 []


Underfull \hbox (badness 1226) in paragraph at lines 628--629
\T1/ptm/m/n/10 nor-ma-les, com-pro-ba-cio-nes de tor-que, có-di-gos au-xi-lia-r
es y ban-de-ras co-mu-nes. En se-gun-do lu-gar se eje-cu-ta
 []

<diagramas_automatas_revision/01_arquitectura_supervisor.pdf, id=124, 620.3175p
t x 725.71124pt>
File: diagramas_automatas_revision/01_arquitectura_supervisor.pdf Graphic file 
(type pdf)
<use diagramas_automatas_revision/01_arquitectura_supervisor.pdf>
Package pdftex.def Info: diagramas_automatas_revision/01_arquitectura_superviso
r.pdf  used on input line 634.
(pdftex.def)             Requested size: 394.74911pt x 461.80606pt.
[28

] [29 <./diagramas_automatas_revision/01_arquitectura_supervisor.pdf>]
ignored error: Infinite glue shrinkage found in box being split [30]
<diagramas_automatas_revision/02_operacion_supervisor.pdf, id=155, 1040.88875pt
 x 1631.09375pt>
File: diagramas_automatas_revision/02_operacion_supervisor.pdf Graphic file (ty
pe pdf)
<use diagramas_automatas_revision/02_operacion_supervisor.pdf>
Package pdftex.def Info: diagramas_automatas_revision/02_operacion_supervisor.p
df  used on input line 728.
(pdftex.def)             Requested size: 335.63243pt x 525.9496pt.
 [31]
[32 <./diagramas_automatas_revision/02_operacion_supervisor.pdf>]
<diagramas_automatas_revision/03_automatico_interno.pdf, id=182, 553.06625pt x 
779.91376pt>
File: diagramas_automatas_revision/03_automatico_interno.pdf Graphic file (type
 pdf)
<use diagramas_automatas_revision/03_automatico_interno.pdf>
Package pdftex.def Info: diagramas_automatas_revision/03_automatico_interno.pdf
  used on input line 765.
(pdftex.def)             Requested size: 341.12532pt x 481.04718pt.
 [33] [34 <./diagramas_automatas_revision/03_automatico_interno.pdf>]
<diagramas_automatas_revision/04_barrido_lidar.pdf, id=209, 1382.16376pt x 941.
5175pt>
File: diagramas_automatas_revision/04_barrido_lidar.pdf Graphic file (type pdf)

<use diagramas_automatas_revision/04_barrido_lidar.pdf>
Package pdftex.def Info: diagramas_automatas_revision/04_barrido_lidar.pdf  use
d on input line 793.
(pdftex.def)             Requested size: 460.35455pt x 313.58939pt.
 [35 <./diagramas_automatas_revision/04_barrido_lidar.pdf>]
<diagramas_automatas_revision/05_carga_twistlocks.pdf, id=234, 755.82375pt x 12
07.51125pt>
File: diagramas_automatas_revision/05_carga_twistlocks.pdf Graphic file (type p
df)
<use diagramas_automatas_revision/05_carga_twistlocks.pdf>
Package pdftex.def Info: diagramas_automatas_revision/05_carga_twistlocks.pdf  
used on input line 839.
(pdftex.def)             Requested size: 329.2074pt x 525.9496pt.
 [36] [37 <./diagramas_automatas_revision/05_carga_twistlocks.pdf>]
<diagramas_automatas_revision/06_frenos.pdf, id=263, 854.19125pt x 718.685pt>
File: diagramas_automatas_revision/06_frenos.pdf Graphic file (type pdf)
<use diagramas_automatas_revision/06_frenos.pdf>
Package pdftex.def Info: diagramas_automatas_revision/06_frenos.pdf  used on in
put line 890.
(pdftex.def)             Requested size: 460.35707pt x 387.32745pt.

Underfull \hbox (badness 1127) in paragraph at lines 896--897
[]\T1/ptm/m/n/10 La re-gión \T1/pcr/m/n/10 DIAGNOSTICO \T1/ptm/m/n/10 con-tie-n
e \T1/pcr/m/n/10 DIAG_-OK\T1/ptm/m/n/10 , \T1/pcr/m/n/10 ALARMA \T1/ptm/m/n/10 
y \T1/pcr/m/n/10 FALLA\T1/ptm/m/n/10 . La so-bre-car-ga pro-du-ce una alar-ma
 []

<diagramas_automatas_revision/07_diagnostico.pdf, id=264, 605.26125pt x 626.34p
t>
File: diagramas_automatas_revision/07_diagnostico.pdf Graphic file (type pdf)
<use diagramas_automatas_revision/07_diagnostico.pdf>
Package pdftex.def Info: diagramas_automatas_revision/07_diagnostico.pdf  used 
on input line 923.
(pdftex.def)             Requested size: 421.48192pt x 436.14474pt.
[38] [39 <./diagramas_automatas_revision/06_frenos.pdf>]
LaTeX Font Info:    Font shape `OT1/ptm/bx/n' in size <8> not available
(Font)              Font shape `OT1/ptm/b/n' tried instead on input line 955.
 [40 <./diagramas_automatas_revision/07_diagnostico.pdf>] [41]
<diagramas_codesys_manual/12_sfc_supervisor_paralelo.pdf, id=311, 511.9125pt x 
431.6125pt>
File: diagramas_codesys_manual/12_sfc_supervisor_paralelo.pdf Graphic file (typ
e pdf)
<use diagramas_codesys_manual/12_sfc_supervisor_paralelo.pdf>
Package pdftex.def Info: diagramas_codesys_manual/12_sfc_supervisor_paralelo.pd
f  used on input line 997.
(pdftex.def)             Requested size: 450.96794pt x 380.22849pt.

Underfull \hbox (badness 7613) in paragraph at lines 1006--1007
[]$\T1/pcr/m/n/10 SFC _ MODO _ MANUAL$ \T1/ptm/m/n/10 con-tie-ne \T1/pcr/m/n/10
 MANUAL_-INACTIVO\T1/ptm/m/n/10 , \T1/pcr/m/n/10 MANUAL_-SUPERVISADO \T1/ptm/m/
n/10 y $\T1/pcr/m/n/10 APROXIMACION _
 []

<diagramas_codesys_manual/13_sfc_operacion.pdf, id=312, 511.9125pt x 507.8975pt
>
File: diagramas_codesys_manual/13_sfc_operacion.pdf Graphic file (type pdf)
<use diagramas_codesys_manual/13_sfc_operacion.pdf>
Package pdftex.def Info: diagramas_codesys_manual/13_sfc_operacion.pdf  used on
 input line 1012.
(pdftex.def)             Requested size: 460.35768pt x 456.74704pt.

Underfull \hbox (badness 1024) in paragraph at lines 1023--1024
[]$\T1/pcr/m/n/10 SFC _ AUTOMATICO$ \T1/ptm/m/n/10 re-co-rre \T1/pcr/m/n/10 ESP
ERA_-AUTO\T1/ptm/m/n/10 , \T1/pcr/m/n/10 PLANIFICAR\T1/ptm/m/n/10 , \T1/pcr/m/n
/10 EJECUTAR \T1/ptm/m/n/10 y \T1/pcr/m/n/10 MANTENER_-OBJETIVO\T1/ptm/m/n/10 .
 La
 []

<diagramas_codesys_manual/14_sfc_barrido_automatico.pdf, id=313, 511.9125pt x 5
13.92pt>
File: diagramas_codesys_manual/14_sfc_barrido_automatico.pdf Graphic file (type
 pdf)
<use diagramas_codesys_manual/14_sfc_barrido_automatico.pdf>
Package pdftex.def Info: diagramas_codesys_manual/14_sfc_barrido_automatico.pdf
  used on input line 1027.
(pdftex.def)             Requested size: 447.22714pt x 448.98096pt.
[42]
<diagramas_codesys_manual/15_sfc_carga.pdf, id=318, 511.9125pt x 635.37375pt>
File: diagramas_codesys_manual/15_sfc_carga.pdf Graphic file (type pdf)
<use diagramas_codesys_manual/15_sfc_carga.pdf>
Package pdftex.def Info: diagramas_codesys_manual/15_sfc_carga.pdf  used on inp
ut line 1042.
(pdftex.def)             Requested size: 377.24709pt x 468.23021pt.
 [43 <./diagramas_codesys_manual/12_sfc_supervisor_paralelo.pdf>] [44 <./diagra
mas_codesys_manual/13_sfc_operacion.pdf>] [45 <./diagramas_codesys_manual/14_sf
c_barrido_automatico.pdf>] [46 <./diagramas_codesys_manual/15_sfc_carga.pdf>]
<diagramas_codesys_manual/16_sfc_frenos.pdf, id=371, 511.9125pt x 485.815pt>
File: diagramas_codesys_manual/16_sfc_frenos.pdf Graphic file (type pdf)
<use diagramas_codesys_manual/16_sfc_frenos.pdf>
Package pdftex.def Info: diagramas_codesys_manual/16_sfc_frenos.pdf  used on in
put line 1057.
(pdftex.def)             Requested size: 459.56876pt x 436.13976pt.
<diagramas_codesys_manual/16b_sfc_fallas_frenos.pdf, id=372, 511.9125pt x 321.2
pt>
File: diagramas_codesys_manual/16b_sfc_fallas_frenos.pdf Graphic file (type pdf
)
<use diagramas_codesys_manual/16b_sfc_fallas_frenos.pdf>
Package pdftex.def Info: diagramas_codesys_manual/16b_sfc_fallas_frenos.pdf  us
ed on input line 1065.
(pdftex.def)             Requested size: 460.35788pt x 288.85188pt.
<diagramas_codesys_manual/17_sfc_diagnostico.pdf, id=373, 511.9125pt x 330.2337
5pt>
File: diagramas_codesys_manual/17_sfc_diagnostico.pdf Graphic file (type pdf)
<use diagramas_codesys_manual/17_sfc_diagnostico.pdf>
Package pdftex.def Info: diagramas_codesys_manual/17_sfc_diagnostico.pdf  used 
on input line 1077.
(pdftex.def)             Requested size: 460.35788pt x 296.97581pt.
 [47 <./diagramas_codesys_manual/16_sfc_frenos.pdf>] [48 <./diagramas_codesys_m
anual/16b_sfc_fallas_frenos.pdf> <./diagramas_codesys_manual/17_sfc_diagnostico
.pdf>] [49]
Underfull \hbox (badness 1097) in paragraph at lines 1155--1156
[]\T1/ptm/m/n/10 Para ini-cia-li-zar el per-fil in-terno, el su-per-vi-sor aña-
de la en-tra-da \T1/pcr/m/n/10 testInitialProfile \T1/ptm/m/n/10 y el mé-to-do
 []

[50] [51] [52]
<diagramas_automatas_revision/10_arquitectura_seguridad.pdf, id=423, 523.9575pt
 x 815.045pt>
File: diagramas_automatas_revision/10_arquitectura_seguridad.pdf Graphic file (
type pdf)
<use diagramas_automatas_revision/10_arquitectura_seguridad.pdf>
Package pdftex.def Info: diagramas_automatas_revision/10_arquitectura_seguridad
.pdf  used on input line 1227.
(pdftex.def)             Requested size: 247.39534pt x 384.84164pt.
 [53

]
<diagramas_automatas_revision/08_seguridad_emergencias.pdf, id=427, 1138.2525pt
 x 728.7225pt>
File: diagramas_automatas_revision/08_seguridad_emergencias.pdf Graphic file (t
ype pdf)
<use diagramas_automatas_revision/08_seguridad_emergencias.pdf>
Package pdftex.def Info: diagramas_automatas_revision/08_seguridad_emergencias.
pdf  used on input line 1258.
(pdftex.def)             Requested size: 460.36449pt x 294.7307pt.
 [54 <./diagramas_automatas_revision/10_arquitectura_seguridad.pdf>] [55 <./dia
gramas_automatas_revision/08_seguridad_emergencias.pdf>]
Underfull \hbox (badness 2261) in paragraph at lines 1292--1293
[]\T1/ptm/m/n/10 El mis-mo or-den de re-gio-nes afec-ta la re-cu-pe-ra-ción. Si
 el sis-te-ma se en-cuen-tra si-mul-tá-nea-men-te en
 []

<diagramas_automatas_revision/09_watchdog.pdf, id=463, 532.99126pt x 612.2875pt
>
File: diagramas_automatas_revision/09_watchdog.pdf Graphic file (type pdf)
<use diagramas_automatas_revision/09_watchdog.pdf>
Package pdftex.def Info: diagramas_automatas_revision/09_watchdog.pdf  used on 
input line 1300.
(pdftex.def)             Requested size: 390.82893pt x 448.9754pt.
[56]
<diagramas_automatas_revision/11_compuertas_seguridad.pdf, id=467, 769.87625pt 
x 639.38875pt>
File: diagramas_automatas_revision/11_compuertas_seguridad.pdf Graphic file (ty
pe pdf)
<use diagramas_automatas_revision/11_compuertas_seguridad.pdf>
Package pdftex.def Info: diagramas_automatas_revision/11_compuertas_seguridad.p
df  used on input line 1334.
(pdftex.def)             Requested size: 460.36691pt x 382.33862pt.
 [57 <./diagramas_automatas_revision/09_watchdog.pdf>] [58 <./diagramas_automat
as_revision/11_compuertas_seguridad.pdf>]
<diagramas_codesys_manual/18_sfc_seguridad_paralela.pdf, id=503, 511.9125pt x 4
31.6125pt>
File: diagramas_codesys_manual/18_sfc_seguridad_paralela.pdf Graphic file (type
 pdf)
<use diagramas_codesys_manual/18_sfc_seguridad_paralela.pdf>
Package pdftex.def Info: diagramas_codesys_manual/18_sfc_seguridad_paralela.pdf
  used on input line 1361.
(pdftex.def)             Requested size: 450.96794pt x 380.22849pt.

Underfull \hbox (badness 1735) in paragraph at lines 1368--1369
\T1/pcr/m/n/10 IZAJE_-SEGURO \T1/ptm/m/n/10 y \T1/pcr/m/n/10 EMERGENCIA_-IZAJE\
T1/ptm/m/n/10 . Los flan-cos de lí-mi-tes úl-ti-mos y so-bre-ve-lo-ci-dad pro-c
e-den del
 []

[59 <./diagramas_codesys_manual/18_sfc_seguridad_paralela.pdf>]
<diagramas_codesys_manual/19_sfc_seguridad_ejes.pdf, id=517, 511.9125pt x 321.2
pt>
File: diagramas_codesys_manual/19_sfc_seguridad_ejes.pdf Graphic file (type pdf
)
<use diagramas_codesys_manual/19_sfc_seguridad_ejes.pdf>
Package pdftex.def Info: diagramas_codesys_manual/19_sfc_seguridad_ejes.pdf  us
ed on input line 1374.
(pdftex.def)             Requested size: 460.35788pt x 288.85188pt.
<diagramas_codesys_manual/20_sfc_watchdog_total.pdf, id=518, 511.9125pt x 385.4
4pt>
File: diagramas_codesys_manual/20_sfc_watchdog_total.pdf Graphic file (type pdf
)
<use diagramas_codesys_manual/20_sfc_watchdog_total.pdf>
Package pdftex.def Info: diagramas_codesys_manual/20_sfc_watchdog_total.pdf  us
ed on input line 1389.
(pdftex.def)             Requested size: 460.35788pt x 346.62225pt.
 [60 <./diagramas_codesys_manual/19_sfc_seguridad_ejes.pdf>]
ignored error: Infinite glue shrinkage found in box being split [61 <./diagrama
s_codesys_manual/20_sfc_watchdog_total.pdf>]
Underfull \hbox (badness 2726) in paragraph at lines 1451--1452
[]\T1/ptm/m/n/10 Las sa-li-das \T1/pcr/m/n/10 BRK_-t\T1/ptm/m/n/10 , \T1/pcr/m/
n/10 BRK_-h \T1/ptm/m/n/10 y \T1/pcr/m/n/10 BRK_-hE\T1/ptm/m/n/10 , \T1/pcr/m/n
/10 EMERGENCIA \T1/ptm/m/n/10 y \T1/pcr/m/n/10 PARADA_-EMERGENCIA_-WD \T1/ptm/m
/n/10 pro-ce-den del
 []


Underfull \hbox (badness 1565) in paragraph at lines 1455--1456
[]\T1/ptm/m/n/10 La pér-di-da de co-mu-ni-ca-ción tam-po-co se aña-de co-mo en-
tra-da a la má-qui-na de emer-gen-cia ge-ne-ra-da:
 []

[62] [63]
ignored error: Infinite glue shrinkage found in box being split [64]
<resultados_prueba_ciclo_completo_en_simulink/perfil.pdf, id=555, 736.7525pt x 
302.12875pt>
File: resultados_prueba_ciclo_completo_en_simulink/perfil.pdf Graphic file (typ
e pdf)
<use resultados_prueba_ciclo_completo_en_simulink/perfil.pdf>
Package pdftex.def Info: resultados_prueba_ciclo_completo_en_simulink/perfil.pd
f  used on input line 1578.
(pdftex.def)             Requested size: 460.35788pt x 188.78389pt.
<resultados_prueba_ciclo_completo_en_simulink/balance_perfil.pdf, id=556, 718.6
85pt x 347.2975pt>
File: resultados_prueba_ciclo_completo_en_simulink/balance_perfil.pdf Graphic f
ile (type pdf)
<use resultados_prueba_ciclo_completo_en_simulink/balance_perfil.pdf>
Package pdftex.def Info: resultados_prueba_ciclo_completo_en_simulink/balance_p
erfil.pdf  used on input line 1586.
(pdftex.def)             Requested size: 460.35788pt x 222.47101pt.
<resultados_prueba_ciclo_completo_en_simulink/01_barrido.png, id=557, 1455.4375
pt x 782.925pt>
File: resultados_prueba_ciclo_completo_en_simulink/01_barrido.png Graphic file 
(type png)
<use resultados_prueba_ciclo_completo_en_simulink/01_barrido.png>
Package pdftex.def Info: resultados_prueba_ciclo_completo_en_simulink/01_barrid
o.png  used on input line 1594.
(pdftex.def)             Requested size: 460.35788pt x 247.63812pt.
<resultados_prueba_ciclo_completo_en_simulink/x.pdf, id=558, 728.7225pt x 350.3
0875pt>
File: resultados_prueba_ciclo_completo_en_simulink/x.pdf Graphic file (type pdf
)
<use resultados_prueba_ciclo_completo_en_simulink/x.pdf>
Package pdftex.def Info: resultados_prueba_ciclo_completo_en_simulink/x.pdf  us
ed on input line 1608.
(pdftex.def)             Requested size: 460.35788pt x 221.2997pt.
<resultados_prueba_ciclo_completo_en_simulink/vx.pdf, id=559, 718.685pt x 350.3
0875pt>
File: resultados_prueba_ciclo_completo_en_simulink/vx.pdf Graphic file (type pd
f)
<use resultados_prueba_ciclo_completo_en_simulink/vx.pdf>
Package pdftex.def Info: resultados_prueba_ciclo_completo_en_simulink/vx.pdf  u
sed on input line 1616.
(pdftex.def)             Requested size: 460.35788pt x 224.39995pt.
<resultados_prueba_ciclo_completo_en_simulink/ax.pdf, id=560, 733.74126pt x 350
.30875pt>
File: resultados_prueba_ciclo_completo_en_simulink/ax.pdf Graphic file (type pd
f)
<use resultados_prueba_ciclo_completo_en_simulink/ax.pdf>
Package pdftex.def Info: resultados_prueba_ciclo_completo_en_simulink/ax.pdf  u
sed on input line 1624.
(pdftex.def)             Requested size: 460.35788pt x 219.79233pt.
<resultados_prueba_ciclo_completo_en_simulink/error_x.pdf, id=561, 733.74126pt 
x 350.30875pt>
File: resultados_prueba_ciclo_completo_en_simulink/error_x.pdf Graphic file (ty
pe pdf)
<use resultados_prueba_ciclo_completo_en_simulink/error_x.pdf>
Package pdftex.def Info: resultados_prueba_ciclo_completo_en_simulink/error_x.p
df  used on input line 1632.
(pdftex.def)             Requested size: 460.35788pt x 219.79233pt.
<resultados_prueba_ciclo_completo_en_simulink/ax_carga.pdf, id=562, 733.74126pt
 x 350.30875pt>
File: resultados_prueba_ciclo_completo_en_simulink/ax_carga.pdf Graphic file (t
ype pdf)
<use resultados_prueba_ciclo_completo_en_simulink/ax_carga.pdf>
Package pdftex.def Info: resultados_prueba_ciclo_completo_en_simulink/ax_carga.
pdf  used on input line 1640.
(pdftex.def)             Requested size: 460.35788pt x 219.79233pt.
 [65]
<resultados_prueba_ciclo_completo_en_simulink/y.pdf, id=566, 728.7225pt x 350.3
0875pt>
File: resultados_prueba_ciclo_completo_en_simulink/y.pdf Graphic file (type pdf
)
<use resultados_prueba_ciclo_completo_en_simulink/y.pdf>
Package pdftex.def Info: resultados_prueba_ciclo_completo_en_simulink/y.pdf  us
ed on input line 1656.
(pdftex.def)             Requested size: 460.35788pt x 221.2997pt.
<resultados_prueba_ciclo_completo_en_simulink/vy.pdf, id=567, 733.74126pt x 350
.30875pt>
File: resultados_prueba_ciclo_completo_en_simulink/vy.pdf Graphic file (type pd
f)
<use resultados_prueba_ciclo_completo_en_simulink/vy.pdf>
Package pdftex.def Info: resultados_prueba_ciclo_completo_en_simulink/vy.pdf  u
sed on input line 1664.
(pdftex.def)             Requested size: 460.35788pt x 219.79233pt.
<resultados_prueba_ciclo_completo_en_simulink/ay.pdf, id=568, 733.74126pt x 350
.30875pt>
File: resultados_prueba_ciclo_completo_en_simulink/ay.pdf Graphic file (type pd
f)
<use resultados_prueba_ciclo_completo_en_simulink/ay.pdf>
Package pdftex.def Info: resultados_prueba_ciclo_completo_en_simulink/ay.pdf  u
sed on input line 1672.
(pdftex.def)             Requested size: 460.35788pt x 219.79233pt.
<resultados_prueba_ciclo_completo_en_simulink/ay_zoom.pdf, id=569, 733.74126pt 
x 350.30875pt>
File: resultados_prueba_ciclo_completo_en_simulink/ay_zoom.pdf Graphic file (ty
pe pdf)
<use resultados_prueba_ciclo_completo_en_simulink/ay_zoom.pdf>
Package pdftex.def Info: resultados_prueba_ciclo_completo_en_simulink/ay_zoom.p
df  used on input line 1680.
(pdftex.def)             Requested size: 460.35788pt x 219.79233pt.
<resultados_prueba_ciclo_completo_en_simulink/error_y.pdf, id=570, 743.77875pt 
x 350.30875pt>
File: resultados_prueba_ciclo_completo_en_simulink/error_y.pdf Graphic file (ty
pe pdf)
<use resultados_prueba_ciclo_completo_en_simulink/error_y.pdf>
Package pdftex.def Info: resultados_prueba_ciclo_completo_en_simulink/error_y.p
df  used on input line 1688.
(pdftex.def)             Requested size: 460.35788pt x 216.8257pt.
<resultados_prueba_ciclo_completo_en_simulink/theta.pdf, id=571, 746.79pt x 354
.32375pt>
File: resultados_prueba_ciclo_completo_en_simulink/theta.pdf Graphic file (type
 pdf)
<use resultados_prueba_ciclo_completo_en_simulink/theta.pdf>
Package pdftex.def Info: resultados_prueba_ciclo_completo_en_simulink/theta.pdf
  used on input line 1706.
(pdftex.def)             Requested size: 460.35788pt x 218.42413pt.
<resultados_prueba_ciclo_completo_en_simulink/theta_operativo.pdf, id=572, 746.
79pt x 354.32375pt>
File: resultados_prueba_ciclo_completo_en_simulink/theta_operativo.pdf Graphic 
file (type pdf)
<use resultados_prueba_ciclo_completo_en_simulink/theta_operativo.pdf>
Package pdftex.def Info: resultados_prueba_ciclo_completo_en_simulink/theta_ope
rativo.pdf  used on input line 1714.
(pdftex.def)             Requested size: 460.35788pt x 218.42413pt.
<resultados_prueba_ciclo_completo_en_simulink/omega.pdf, id=573, 743.77875pt x 
350.30875pt>
File: resultados_prueba_ciclo_completo_en_simulink/omega.pdf Graphic file (type
 pdf)
<use resultados_prueba_ciclo_completo_en_simulink/omega.pdf>
Package pdftex.def Info: resultados_prueba_ciclo_completo_en_simulink/omega.pdf
  used on input line 1722.
(pdftex.def)             Requested size: 460.35788pt x 216.8257pt.
<resultados_prueba_ciclo_completo_en_simulink/omega_operativo.pdf, id=574, 743.
77875pt x 350.30875pt>
File: resultados_prueba_ciclo_completo_en_simulink/omega_operativo.pdf Graphic 
file (type pdf)
<use resultados_prueba_ciclo_completo_en_simulink/omega_operativo.pdf>
Package pdftex.def Info: resultados_prueba_ciclo_completo_en_simulink/omega_ope
rativo.pdf  used on input line 1730.
(pdftex.def)             Requested size: 460.35788pt x 216.8257pt.
<resultados_prueba_ciclo_completo_en_simulink/antisway.pdf, id=575, 733.74126pt
 x 350.30875pt>
File: resultados_prueba_ciclo_completo_en_simulink/antisway.pdf Graphic file (t
ype pdf)
<use resultados_prueba_ciclo_completo_en_simulink/antisway.pdf>
Package pdftex.def Info: resultados_prueba_ciclo_completo_en_simulink/antisway.
pdf  used on input line 1738.
(pdftex.def)             Requested size: 460.35788pt x 219.79233pt.
<resultados_prueba_ciclo_completo_en_simulink/comando.pdf, id=576, 718.685pt x 
350.30875pt>
File: resultados_prueba_ciclo_completo_en_simulink/comando.pdf Graphic file (ty
pe pdf)
<use resultados_prueba_ciclo_completo_en_simulink/comando.pdf>
Package pdftex.def Info: resultados_prueba_ciclo_completo_en_simulink/comando.p
df  used on input line 1746.
(pdftex.def)             Requested size: 460.35788pt x 224.39995pt.

[66 <./resultados_prueba_ciclo_completo_en_simulink/perfil.pdf> <./resultados_p
rueba_ciclo_completo_en_simulink/balance_perfil.pdf>] [67 <./resultados_prueba_
ciclo_completo_en_simulink/01_barrido.png (PNG copy)> <./resultados_prueba_cicl
o_completo_en_simulink/x.pdf>] [68 <./resultados_prueba_ciclo_completo_en_simul
ink/vx.pdf> <./resultados_prueba_ciclo_completo_en_simulink/ax.pdf>] [69 <./res
ultados_prueba_ciclo_completo_en_simulink/error_x.pdf> <./resultados_prueba_cic
lo_completo_en_simulink/ax_carga.pdf>] [70 <./resultados_prueba_ciclo_completo_
en_simulink/y.pdf> <./resultados_prueba_ciclo_completo_en_simulink/vy.pdf>]
[71 <./resultados_prueba_ciclo_completo_en_simulink/ay.pdf> <./resultados_prueb
a_ciclo_completo_en_simulink/ay_zoom.pdf>] [72 <./resultados_prueba_ciclo_compl
eto_en_simulink/error_y.pdf> <./resultados_prueba_ciclo_completo_en_simulink/th
eta.pdf>] [73 <./resultados_prueba_ciclo_completo_en_simulink/theta_operativo.p
df> <./resultados_prueba_ciclo_completo_en_simulink/omega.pdf>] [74 <./resultad
os_prueba_ciclo_completo_en_simulink/omega_operativo.pdf> <./resultados_prueba_
ciclo_completo_en_simulink/antisway.pdf>]
<resultados_prueba_ciclo_completo_en_simulink/tx.pdf, id=955, 733.74126pt x 350
.30875pt>
File: resultados_prueba_ciclo_completo_en_simulink/tx.pdf Graphic file (type pd
f)
<use resultados_prueba_ciclo_completo_en_simulink/tx.pdf>
Package pdftex.def Info: resultados_prueba_ciclo_completo_en_simulink/tx.pdf  u
sed on input line 1760.
(pdftex.def)             Requested size: 460.35788pt x 219.79233pt.
<resultados_prueba_ciclo_completo_en_simulink/tx_operativo.pdf, id=956, 733.741
26pt x 350.30875pt>
File: resultados_prueba_ciclo_completo_en_simulink/tx_operativo.pdf Graphic fil
e (type pdf)
<use resultados_prueba_ciclo_completo_en_simulink/tx_operativo.pdf>
Package pdftex.def Info: resultados_prueba_ciclo_completo_en_simulink/tx_operat
ivo.pdf  used on input line 1768.
(pdftex.def)             Requested size: 460.35788pt x 219.79233pt.
<resultados_prueba_ciclo_completo_en_simulink/ty.pdf, id=957, 722.7pt x 350.308
75pt>
File: resultados_prueba_ciclo_completo_en_simulink/ty.pdf Graphic file (type pd
f)
<use resultados_prueba_ciclo_completo_en_simulink/ty.pdf>
Package pdftex.def Info: resultados_prueba_ciclo_completo_en_simulink/ty.pdf  u
sed on input line 1776.
(pdftex.def)             Requested size: 460.35788pt x 223.14381pt.
<resultados_prueba_ciclo_completo_en_simulink/tension.pdf, id=958, 733.74126pt 
x 350.30875pt>
File: resultados_prueba_ciclo_completo_en_simulink/tension.pdf Graphic file (ty
pe pdf)
<use resultados_prueba_ciclo_completo_en_simulink/tension.pdf>
Package pdftex.def Info: resultados_prueba_ciclo_completo_en_simulink/tension.p
df  used on input line 1784.
(pdftex.def)             Requested size: 460.35788pt x 219.79233pt.
<resultados_prueba_ciclo_completo_en_simulink/masa.pdf, id=959, 722.7pt x 350.3
0875pt>
File: resultados_prueba_ciclo_completo_en_simulink/masa.pdf Graphic file (type 
pdf)
<use resultados_prueba_ciclo_completo_en_simulink/masa.pdf>
Package pdftex.def Info: resultados_prueba_ciclo_completo_en_simulink/masa.pdf 
 used on input line 1792.
(pdftex.def)             Requested size: 460.35788pt x 223.14381pt.
 [75 <./resultados_prueba_ciclo_completo_en_simulink/comando.pdf> <./resultados
_prueba_ciclo_completo_en_simulink/tx.pdf>] [76 <./resultados_prueba_ciclo_comp
leto_en_simulink/tx_operativo.pdf> <./resultados_prueba_ciclo_completo_en_simul
ink/ty.pdf>] [77 <./resultados_prueba_ciclo_completo_en_simulink/tension.pdf> <
./resultados_prueba_ciclo_completo_en_simulink/masa.pdf>]
<resultados_prueba_ciclo_completo_en_simulink/transferencia_2.png, id=1095, 145
5.4375pt x 782.925pt>
File: resultados_prueba_ciclo_completo_en_simulink/transferencia_2.png Graphic 
file (type png)
<use resultados_prueba_ciclo_completo_en_simulink/transferencia_2.png>
Package pdftex.def Info: resultados_prueba_ciclo_completo_en_simulink/transfere
ncia_2.png  used on input line 1824.
(pdftex.def)             Requested size: 460.35788pt x 247.63812pt.
<resultados_prueba_ciclo_completo_en_simulink/transferencia_4.png, id=1096, 145
5.4375pt x 782.925pt>
File: resultados_prueba_ciclo_completo_en_simulink/transferencia_4.png Graphic 
file (type png)
<use resultados_prueba_ciclo_completo_en_simulink/transferencia_4.png>
Package pdftex.def Info: resultados_prueba_ciclo_completo_en_simulink/transfere
ncia_4.png  used on input line 1832.
(pdftex.def)             Requested size: 460.35788pt x 247.63812pt.
<resultados_prueba_ciclo_completo_en_simulink/05_final.png, id=1097, 1455.4375p
t x 782.925pt>
File: resultados_prueba_ciclo_completo_en_simulink/05_final.png Graphic file (t
ype png)
<use resultados_prueba_ciclo_completo_en_simulink/05_final.png>
Package pdftex.def Info: resultados_prueba_ciclo_completo_en_simulink/05_final.
png  used on input line 1840.
(pdftex.def)             Requested size: 460.35788pt x 247.63812pt.
 [78 <./resultados_prueba_ciclo_completo_en_simulink/transferencia_2.png (PNG c
opy)>] [79 <./resultados_prueba_ciclo_completo_en_simulink/transferencia_4.png 
(PNG copy)> <./resultados_prueba_ciclo_completo_en_simulink/05_final.png (PNG c
opy)>] (pruebas_codesys_medio_ciclo.tex [80

] [81

]
<graficas_individuales/manual_sin_x.pdf, id=1111, 717.68124pt x 346.29375pt>
File: graficas_individuales/manual_sin_x.pdf Graphic file (type pdf)
<use graficas_individuales/manual_sin_x.pdf>
Package pdftex.def Info: graficas_individuales/manual_sin_x.pdf  used on input 
line 40.
(pdftex.def)             Requested size: 460.35788pt x 222.13449pt.
<graficas_individuales/manual_sin_y.pdf, id=1112, 712.6625pt x 346.29375pt>
File: graficas_individuales/manual_sin_y.pdf Graphic file (type pdf)
<use graficas_individuales/manual_sin_y.pdf>
Package pdftex.def Info: graficas_individuales/manual_sin_y.pdf  used on input 
line 46.
(pdftex.def)             Requested size: 460.35788pt x 223.69328pt.
<graficas_individuales/manual_sin_vx.pdf, id=1113, 722.7pt x 346.29375pt>
File: graficas_individuales/manual_sin_vx.pdf Graphic file (type pdf)
<use graficas_individuales/manual_sin_vx.pdf>
Package pdftex.def Info: graficas_individuales/manual_sin_vx.pdf  used on input
 line 52.
(pdftex.def)             Requested size: 460.35788pt x 220.58629pt.
<graficas_individuales/manual_sin_vy.pdf, id=1114, 722.7pt x 346.29375pt>
File: graficas_individuales/manual_sin_vy.pdf Graphic file (type pdf)
<use graficas_individuales/manual_sin_vy.pdf>
Package pdftex.def Info: graficas_individuales/manual_sin_vy.pdf  used on input
 line 58.
(pdftex.def)             Requested size: 460.35788pt x 220.58629pt.
<graficas_individuales/manual_sin_ax.pdf, id=1115, 722.7pt x 346.29375pt>
File: graficas_individuales/manual_sin_ax.pdf Graphic file (type pdf)
<use graficas_individuales/manual_sin_ax.pdf>
Package pdftex.def Info: graficas_individuales/manual_sin_ax.pdf  used on input
 line 64.
(pdftex.def)             Requested size: 460.35788pt x 220.58629pt.
<graficas_individuales/manual_sin_ay.pdf, id=1116, 721.69624pt x 346.29375pt>
File: graficas_individuales/manual_sin_ay.pdf Graphic file (type pdf)
<use graficas_individuales/manual_sin_ay.pdf>
Package pdftex.def Info: graficas_individuales/manual_sin_ay.pdf  used on input
 line 70.
(pdftex.def)             Requested size: 460.35788pt x 220.89276pt.
<graficas_individuales/manual_sin_ay_zoom.pdf, id=1117, 722.7pt x 346.29375pt>
File: graficas_individuales/manual_sin_ay_zoom.pdf Graphic file (type pdf)
<use graficas_individuales/manual_sin_ay_zoom.pdf>
Package pdftex.def Info: graficas_individuales/manual_sin_ay_zoom.pdf  used on 
input line 76.
(pdftex.def)             Requested size: 460.35788pt x 220.58629pt.
<graficas_individuales/manual_sin_theta.pdf, id=1118, 731.73375pt x 348.30125pt
>
File: graficas_individuales/manual_sin_theta.pdf Graphic file (type pdf)
<use graficas_individuales/manual_sin_theta.pdf>
Package pdftex.def Info: graficas_individuales/manual_sin_theta.pdf  used on in
put line 84.
(pdftex.def)             Requested size: 460.35788pt x 219.128pt.
<graficas_individuales/manual_sin_omega.pdf, id=1119, 729.72626pt x 346.29375pt
>
File: graficas_individuales/manual_sin_omega.pdf Graphic file (type pdf)
<use graficas_individuales/manual_sin_omega.pdf>
Package pdftex.def Info: graficas_individuales/manual_sin_omega.pdf  used on in
put line 90.
(pdftex.def)             Requested size: 460.35788pt x 218.46211pt.
<graficas_individuales/manual_sin_vcmd.pdf, id=1120, 716.6775pt x 346.29375pt>
File: graficas_individuales/manual_sin_vcmd.pdf Graphic file (type pdf)
<use graficas_individuales/manual_sin_vcmd.pdf>
Package pdftex.def Info: graficas_individuales/manual_sin_vcmd.pdf  used on inp
ut line 96.
(pdftex.def)             Requested size: 460.35788pt x 222.44626pt.
<graficas_individuales/manual_sin_sw.pdf, id=1121, 737.75626pt x 346.29375pt>
File: graficas_individuales/manual_sin_sw.pdf Graphic file (type pdf)
<use graficas_individuales/manual_sin_sw.pdf>
Package pdftex.def Info: graficas_individuales/manual_sin_sw.pdf  used on input
 line 102.
(pdftex.def)             Requested size: 460.35788pt x 216.0843pt.
<graficas_individuales/manual_sin_tx.pdf, id=1122, 725.71124pt x 346.29375pt>
File: graficas_individuales/manual_sin_tx.pdf Graphic file (type pdf)
<use graficas_individuales/manual_sin_tx.pdf>
Package pdftex.def Info: graficas_individuales/manual_sin_tx.pdf  used on input
 line 110.
(pdftex.def)             Requested size: 460.35788pt x 219.67743pt.
<graficas_individuales/manual_sin_tx_zoom.pdf, id=1123, 721.69624pt x 346.29375
pt>
File: graficas_individuales/manual_sin_tx_zoom.pdf Graphic file (type pdf)
<use graficas_individuales/manual_sin_tx_zoom.pdf>
Package pdftex.def Info: graficas_individuales/manual_sin_tx_zoom.pdf  used on 
input line 116.
(pdftex.def)             Requested size: 460.35788pt x 220.89276pt.
<graficas_individuales/manual_sin_ty.pdf, id=1124, 712.6625pt x 346.29375pt>
File: graficas_individuales/manual_sin_ty.pdf Graphic file (type pdf)
<use graficas_individuales/manual_sin_ty.pdf>
Package pdftex.def Info: graficas_individuales/manual_sin_ty.pdf  used on input
 line 122.
(pdftex.def)             Requested size: 460.35788pt x 223.69328pt.
<graficas_individuales/manual_sin_tension.pdf, id=1125, 720.6925pt x 346.29375p
t>
File: graficas_individuales/manual_sin_tension.pdf Graphic file (type pdf)
<use graficas_individuales/manual_sin_tension.pdf>
Package pdftex.def Info: graficas_individuales/manual_sin_tension.pdf  used on 
input line 128.
(pdftex.def)             Requested size: 460.35788pt x 221.19923pt.
<graficas_individuales/manual_sin_ex.pdf, id=1126, 716.6775pt x 346.29375pt>
File: graficas_individuales/manual_sin_ex.pdf Graphic file (type pdf)
<use graficas_individuales/manual_sin_ex.pdf>
Package pdftex.def Info: graficas_individuales/manual_sin_ex.pdf  used on input
 line 134.
(pdftex.def)             Requested size: 460.35788pt x 222.44626pt.
<graficas_individuales/manual_sin_ey.pdf, id=1127, 728.7225pt x 346.29375pt>
File: graficas_individuales/manual_sin_ey.pdf Graphic file (type pdf)
<use graficas_individuales/manual_sin_ey.pdf>
Package pdftex.def Info: graficas_individuales/manual_sin_ey.pdf  used on input
 line 140.
(pdftex.def)             Requested size: 460.35788pt x 218.7633pt.
<graficas_individuales/manual_sin_evx.pdf, id=1128, 729.72626pt x 346.29375pt>
File: graficas_individuales/manual_sin_evx.pdf Graphic file (type pdf)
<use graficas_individuales/manual_sin_evx.pdf>
Package pdftex.def Info: graficas_individuales/manual_sin_evx.pdf  used on inpu
t line 146.
(pdftex.def)             Requested size: 460.35788pt x 218.46211pt.
<graficas_individuales/manual_sin_evy.pdf, id=1129, 722.7pt x 346.29375pt>
File: graficas_individuales/manual_sin_evy.pdf Graphic file (type pdf)
<use graficas_individuales/manual_sin_evy.pdf>
Package pdftex.def Info: graficas_individuales/manual_sin_evy.pdf  used on inpu
t line 152.
(pdftex.def)             Requested size: 460.35788pt x 220.58629pt.
<graficas_individuales/manual_sin_masa.pdf, id=1130, 712.6625pt x 346.29375pt>
File: graficas_individuales/manual_sin_masa.pdf Graphic file (type pdf)
<use graficas_individuales/manual_sin_masa.pdf>
Package pdftex.def Info: graficas_individuales/manual_sin_masa.pdf  used on inp
ut line 158.
(pdftex.def)             Requested size: 460.35788pt x 223.69328pt.
<graficas_individuales/manual_sin_ax_carga.pdf, id=1131, 722.7pt x 346.29375pt>

File: graficas_individuales/manual_sin_ax_carga.pdf Graphic file (type pdf)
<use graficas_individuales/manual_sin_ax_carga.pdf>
Package pdftex.def Info: graficas_individuales/manual_sin_ax_carga.pdf  used on
 input line 164.
(pdftex.def)             Requested size: 460.35788pt x 220.58629pt.
 [82 <./graficas_individuales/manual_sin_x.pdf>] [83 <./graficas_individuales/m
anual_sin_y.pdf> <./graficas_individuales/manual_sin_vx.pdf>] [84 <./graficas_i
ndividuales/manual_sin_vy.pdf> <./graficas_individuales/manual_sin_ax.pdf>] [85
 <./graficas_individuales/manual_sin_ay.pdf> <./graficas_individuales/manual_si
n_ay_zoom.pdf>] [86 <./graficas_individuales/manual_sin_theta.pdf> <./graficas_
individuales/manual_sin_omega.pdf>] [87 <./graficas_individuales/manual_sin_vcm
d.pdf> <./graficas_individuales/manual_sin_sw.pdf>] [88 <./graficas_individuale
s/manual_sin_tx.pdf> <./graficas_individuales/manual_sin_tx_zoom.pdf>] [89 <./g
raficas_individuales/manual_sin_ty.pdf> <./graficas_individuales/manual_sin_ten
sion.pdf>]
[90 <./graficas_individuales/manual_sin_ex.pdf> <./graficas_individuales/manual
_sin_ey.pdf>] [91 <./graficas_individuales/manual_sin_evx.pdf> <./graficas_indi
viduales/manual_sin_evy.pdf>] [92 <./graficas_individuales/manual_sin_masa.pdf>
 <./graficas_individuales/manual_sin_ax_carga.pdf>]
<graficas_individuales/manual_con_x.pdf, id=1608, 729.72626pt x 346.29375pt>
File: graficas_individuales/manual_con_x.pdf Graphic file (type pdf)
<use graficas_individuales/manual_con_x.pdf>
Package pdftex.def Info: graficas_individuales/manual_con_x.pdf  used on input 
line 176.
(pdftex.def)             Requested size: 460.35788pt x 218.46211pt.
<graficas_individuales/manual_con_y.pdf, id=1609, 724.7075pt x 346.29375pt>
File: graficas_individuales/manual_con_y.pdf Graphic file (type pdf)
<use graficas_individuales/manual_con_y.pdf>
Package pdftex.def Info: graficas_individuales/manual_con_y.pdf  used on input 
line 182.
(pdftex.def)             Requested size: 460.35788pt x 219.97862pt.
<graficas_individuales/manual_con_vx.pdf, id=1610, 734.745pt x 346.29375pt>
File: graficas_individuales/manual_con_vx.pdf Graphic file (type pdf)
<use graficas_individuales/manual_con_vx.pdf>
Package pdftex.def Info: graficas_individuales/manual_con_vx.pdf  used on input
 line 188.
(pdftex.def)             Requested size: 460.35788pt x 216.97731pt.
<graficas_individuales/manual_con_vy.pdf, id=1611, 734.745pt x 346.29375pt>
File: graficas_individuales/manual_con_vy.pdf Graphic file (type pdf)
<use graficas_individuales/manual_con_vy.pdf>
Package pdftex.def Info: graficas_individuales/manual_con_vy.pdf  used on input
 line 194.
(pdftex.def)             Requested size: 460.35788pt x 216.97731pt.
<graficas_individuales/manual_con_ax.pdf, id=1612, 734.745pt x 346.29375pt>
File: graficas_individuales/manual_con_ax.pdf Graphic file (type pdf)
<use graficas_individuales/manual_con_ax.pdf>
Package pdftex.def Info: graficas_individuales/manual_con_ax.pdf  used on input
 line 200.
(pdftex.def)             Requested size: 460.35788pt x 216.97731pt.
<graficas_individuales/manual_con_ay.pdf, id=1613, 733.74126pt x 346.29375pt>
File: graficas_individuales/manual_con_ay.pdf Graphic file (type pdf)
<use graficas_individuales/manual_con_ay.pdf>
Package pdftex.def Info: graficas_individuales/manual_con_ay.pdf  used on input
 line 206.
(pdftex.def)             Requested size: 460.35788pt x 217.27321pt.
<graficas_individuales/manual_con_ay_zoom.pdf, id=1614, 734.745pt x 346.29375pt
>
File: graficas_individuales/manual_con_ay_zoom.pdf Graphic file (type pdf)
<use graficas_individuales/manual_con_ay_zoom.pdf>
Package pdftex.def Info: graficas_individuales/manual_con_ay_zoom.pdf  used on 
input line 212.
(pdftex.def)             Requested size: 460.35788pt x 216.97731pt.
<graficas_individuales/manual_con_theta.pdf, id=1615, 744.7825pt x 348.30125pt>

File: graficas_individuales/manual_con_theta.pdf Graphic file (type pdf)
<use graficas_individuales/manual_con_theta.pdf>
Package pdftex.def Info: graficas_individuales/manual_con_theta.pdf  used on in
put line 218.
(pdftex.def)             Requested size: 460.35788pt x 215.29616pt.
<graficas_individuales/manual_con_omega.pdf, id=1616, 749.80125pt x 346.29375pt
>
File: graficas_individuales/manual_con_omega.pdf Graphic file (type pdf)
<use graficas_individuales/manual_con_omega.pdf>
Package pdftex.def Info: graficas_individuales/manual_con_omega.pdf  used on in
put line 224.
(pdftex.def)             Requested size: 460.35788pt x 212.618pt.
<graficas_individuales/manual_con_vcmd.pdf, id=1617, 729.72626pt x 346.29375pt>

File: graficas_individuales/manual_con_vcmd.pdf Graphic file (type pdf)
<use graficas_individuales/manual_con_vcmd.pdf>
Package pdftex.def Info: graficas_individuales/manual_con_vcmd.pdf  used on inp
ut line 230.
(pdftex.def)             Requested size: 460.35788pt x 218.46211pt.
<graficas_individuales/manual_con_sw.pdf, id=1618, 734.745pt x 346.29375pt>
File: graficas_individuales/manual_con_sw.pdf Graphic file (type pdf)
<use graficas_individuales/manual_con_sw.pdf>
Package pdftex.def Info: graficas_individuales/manual_con_sw.pdf  used on input
 line 236.
(pdftex.def)             Requested size: 460.35788pt x 216.97731pt.
 [93

 <./graficas_individuales/manual_con_x.pdf> <./graficas_individuales/manual_con
_y.pdf>] [94 <./graficas_individuales/manual_con_vx.pdf> <./graficas_individual
es/manual_con_vy.pdf>]
[95 <./graficas_individuales/manual_con_ax.pdf> <./graficas_individuales/manual
_con_ay.pdf>] [96 <./graficas_individuales/manual_con_ay_zoom.pdf> <./graficas_
individuales/manual_con_theta.pdf>] [97 <./graficas_individuales/manual_con_ome
ga.pdf> <./graficas_individuales/manual_con_vcmd.pdf>]
<graficas_individuales/manual_con_tx.pdf, id=1845, 737.75626pt x 346.29375pt>
File: graficas_individuales/manual_con_tx.pdf Graphic file (type pdf)
<use graficas_individuales/manual_con_tx.pdf>
Package pdftex.def Info: graficas_individuales/manual_con_tx.pdf  used on input
 line 244.
(pdftex.def)             Requested size: 460.35788pt x 216.0843pt.
<graficas_individuales/manual_con_tx_zoom.pdf, id=1846, 733.74126pt x 346.29375
pt>
File: graficas_individuales/manual_con_tx_zoom.pdf Graphic file (type pdf)
<use graficas_individuales/manual_con_tx_zoom.pdf>
Package pdftex.def Info: graficas_individuales/manual_con_tx_zoom.pdf  used on 
input line 250.
(pdftex.def)             Requested size: 460.35788pt x 217.27321pt.
<graficas_individuales/manual_con_ty.pdf, id=1847, 724.7075pt x 346.29375pt>
File: graficas_individuales/manual_con_ty.pdf Graphic file (type pdf)
<use graficas_individuales/manual_con_ty.pdf>
Package pdftex.def Info: graficas_individuales/manual_con_ty.pdf  used on input
 line 256.
(pdftex.def)             Requested size: 460.35788pt x 219.97862pt.
<graficas_individuales/manual_con_tension.pdf, id=1848, 733.74126pt x 346.29375
pt>
File: graficas_individuales/manual_con_tension.pdf Graphic file (type pdf)
<use graficas_individuales/manual_con_tension.pdf>
Package pdftex.def Info: graficas_individuales/manual_con_tension.pdf  used on 
input line 262.
(pdftex.def)             Requested size: 460.35788pt x 217.27321pt.
<graficas_individuales/manual_con_ex.pdf, id=1849, 728.7225pt x 346.29375pt>
File: graficas_individuales/manual_con_ex.pdf Graphic file (type pdf)
<use graficas_individuales/manual_con_ex.pdf>
Package pdftex.def Info: graficas_individuales/manual_con_ex.pdf  used on input
 line 268.
(pdftex.def)             Requested size: 460.35788pt x 218.7633pt.
<graficas_individuales/manual_con_ey.pdf, id=1850, 741.77126pt x 346.29375pt>
File: graficas_individuales/manual_con_ey.pdf Graphic file (type pdf)
<use graficas_individuales/manual_con_ey.pdf>
Package pdftex.def Info: graficas_individuales/manual_con_ey.pdf  used on input
 line 274.
(pdftex.def)             Requested size: 460.35788pt x 214.92183pt.
<graficas_individuales/manual_con_evx.pdf, id=1851, 734.745pt x 346.29375pt>
File: graficas_individuales/manual_con_evx.pdf Graphic file (type pdf)
<use graficas_individuales/manual_con_evx.pdf>
Package pdftex.def Info: graficas_individuales/manual_con_evx.pdf  used on inpu
t line 280.
(pdftex.def)             Requested size: 460.35788pt x 216.97731pt.
<graficas_individuales/manual_con_evy.pdf, id=1852, 734.745pt x 346.29375pt>
File: graficas_individuales/manual_con_evy.pdf Graphic file (type pdf)
<use graficas_individuales/manual_con_evy.pdf>
Package pdftex.def Info: graficas_individuales/manual_con_evy.pdf  used on inpu
t line 286.
(pdftex.def)             Requested size: 460.35788pt x 216.97731pt.
<graficas_individuales/manual_con_masa.pdf, id=1853, 724.7075pt x 346.29375pt>
File: graficas_individuales/manual_con_masa.pdf Graphic file (type pdf)
<use graficas_individuales/manual_con_masa.pdf>
Package pdftex.def Info: graficas_individuales/manual_con_masa.pdf  used on inp
ut line 292.
(pdftex.def)             Requested size: 460.35788pt x 219.97862pt.
<graficas_individuales/manual_con_ax_carga.pdf, id=1854, 734.745pt x 346.29375p
t>
File: graficas_individuales/manual_con_ax_carga.pdf Graphic file (type pdf)
<use graficas_individuales/manual_con_ax_carga.pdf>
Package pdftex.def Info: graficas_individuales/manual_con_ax_carga.pdf  used on
 input line 298.
(pdftex.def)             Requested size: 460.35788pt x 216.97731pt.
 [98 <./graficas_individuales/manual_con_sw.pdf> <./graficas_individuales/manua
l_con_tx.pdf>] [99 <./graficas_individuales/manual_con_tx_zoom.pdf> <./graficas
_individuales/manual_con_ty.pdf>] [100 <./graficas_individuales/manual_con_tens
ion.pdf> <./graficas_individuales/manual_con_ex.pdf>] [101 <./graficas_individu
ales/manual_con_ey.pdf> <./graficas_individuales/manual_con_evx.pdf>] [102 <./g
raficas_individuales/manual_con_evy.pdf> <./graficas_individuales/manual_con_ma
sa.pdf>] [103 <./graficas_individuales/manual_con_ax_carga.pdf>]
<graficas_individuales/automatico_sin_x.pdf, id=2105, 727.71875pt x 346.29375pt
>
File: graficas_individuales/automatico_sin_x.pdf Graphic file (type pdf)
<use graficas_individuales/automatico_sin_x.pdf>
Package pdftex.def Info: graficas_individuales/automatico_sin_x.pdf  used on in
put line 315.
(pdftex.def)             Requested size: 460.35788pt x 219.07506pt.
<graficas_individuales/automatico_sin_y.pdf, id=2106, 722.7pt x 346.29375pt>
File: graficas_individuales/automatico_sin_y.pdf Graphic file (type pdf)
<use graficas_individuales/automatico_sin_y.pdf>
Package pdftex.def Info: graficas_individuales/automatico_sin_y.pdf  used on in
put line 321.
(pdftex.def)             Requested size: 460.35788pt x 220.58629pt.
<graficas_individuales/automatico_sin_vx.pdf, id=2107, 732.7375pt x 346.29375pt
>
File: graficas_individuales/automatico_sin_vx.pdf Graphic file (type pdf)
<use graficas_individuales/automatico_sin_vx.pdf>
Package pdftex.def Info: graficas_individuales/automatico_sin_vx.pdf  used on i
nput line 327.
(pdftex.def)             Requested size: 460.35788pt x 217.5691pt.
<graficas_individuales/automatico_sin_vy.pdf, id=2108, 732.7375pt x 346.29375pt
>
File: graficas_individuales/automatico_sin_vy.pdf Graphic file (type pdf)
<use graficas_individuales/automatico_sin_vy.pdf>
Package pdftex.def Info: graficas_individuales/automatico_sin_vy.pdf  used on i
nput line 333.
(pdftex.def)             Requested size: 460.35788pt x 217.5691pt.
<graficas_individuales/automatico_sin_ax.pdf, id=2109, 732.7375pt x 346.29375pt
>
File: graficas_individuales/automatico_sin_ax.pdf Graphic file (type pdf)
<use graficas_individuales/automatico_sin_ax.pdf>
Package pdftex.def Info: graficas_individuales/automatico_sin_ax.pdf  used on i
nput line 339.
(pdftex.def)             Requested size: 460.35788pt x 217.5691pt.
<graficas_individuales/automatico_sin_ay.pdf, id=2110, 731.73375pt x 346.29375p
t>
File: graficas_individuales/automatico_sin_ay.pdf Graphic file (type pdf)
<use graficas_individuales/automatico_sin_ay.pdf>
Package pdftex.def Info: graficas_individuales/automatico_sin_ay.pdf  used on i
nput line 345.
(pdftex.def)             Requested size: 460.35788pt x 217.86502pt.
<graficas_individuales/automatico_sin_ay_zoom.pdf, id=2111, 732.7375pt x 346.29
375pt>
File: graficas_individuales/automatico_sin_ay_zoom.pdf Graphic file (type pdf)
<use graficas_individuales/automatico_sin_ay_zoom.pdf>
Package pdftex.def Info: graficas_individuales/automatico_sin_ay_zoom.pdf  used
 on input line 351.
(pdftex.def)             Requested size: 460.35788pt x 217.5691pt.
<graficas_individuales/automatico_sin_theta.pdf, id=2112, 742.775pt x 348.30125
pt>
File: graficas_individuales/automatico_sin_theta.pdf Graphic file (type pdf)
<use graficas_individuales/automatico_sin_theta.pdf>
Package pdftex.def Info: graficas_individuales/automatico_sin_theta.pdf  used o
n input line 357.
(pdftex.def)             Requested size: 460.35788pt x 215.87544pt.
<graficas_individuales/automatico_sin_omega.pdf, id=2113, 739.76375pt x 346.293
75pt>
File: graficas_individuales/automatico_sin_omega.pdf Graphic file (type pdf)
<use graficas_individuales/automatico_sin_omega.pdf>
Package pdftex.def Info: graficas_individuales/automatico_sin_omega.pdf  used o
n input line 363.
(pdftex.def)             Requested size: 460.35788pt x 215.50307pt.
<graficas_individuales/automatico_sin_vcmd.pdf, id=2114, 727.71875pt x 346.2937
5pt>
File: graficas_individuales/automatico_sin_vcmd.pdf Graphic file (type pdf)
<use graficas_individuales/automatico_sin_vcmd.pdf>
Package pdftex.def Info: graficas_individuales/automatico_sin_vcmd.pdf  used on
 input line 369.
(pdftex.def)             Requested size: 460.35788pt x 219.07506pt.
<graficas_individuales/automatico_sin_sw.pdf, id=2115, 747.79375pt x 346.29375p
t>
File: graficas_individuales/automatico_sin_sw.pdf Graphic file (type pdf)
<use graficas_individuales/automatico_sin_sw.pdf>
Package pdftex.def Info: graficas_individuales/automatico_sin_sw.pdf  used on i
nput line 375.
(pdftex.def)             Requested size: 460.35788pt x 213.18867pt.
<graficas_individuales/automatico_sin_tx.pdf, id=2116, 735.74875pt x 346.29375p
t>
File: graficas_individuales/automatico_sin_tx.pdf Graphic file (type pdf)
<use graficas_individuales/automatico_sin_tx.pdf>
Package pdftex.def Info: graficas_individuales/automatico_sin_tx.pdf  used on i
nput line 383.
(pdftex.def)             Requested size: 460.35788pt x 216.6814pt.
<graficas_individuales/automatico_sin_tx_zoom.pdf, id=2117, 731.73375pt x 346.2
9375pt>
File: graficas_individuales/automatico_sin_tx_zoom.pdf Graphic file (type pdf)
<use graficas_individuales/automatico_sin_tx_zoom.pdf>
Package pdftex.def Info: graficas_individuales/automatico_sin_tx_zoom.pdf  used
 on input line 389.
(pdftex.def)             Requested size: 460.35788pt x 217.86502pt.
<graficas_individuales/automatico_sin_ty.pdf, id=2118, 722.7pt x 346.29375pt>
File: graficas_individuales/automatico_sin_ty.pdf Graphic file (type pdf)
<use graficas_individuales/automatico_sin_ty.pdf>
Package pdftex.def Info: graficas_individuales/automatico_sin_ty.pdf  used on i
nput line 395.
(pdftex.def)             Requested size: 460.35788pt x 220.58629pt.
<graficas_individuales/automatico_sin_tension.pdf, id=2119, 730.73pt x 346.2937
5pt>
File: graficas_individuales/automatico_sin_tension.pdf Graphic file (type pdf)
<use graficas_individuales/automatico_sin_tension.pdf>
Package pdftex.def Info: graficas_individuales/automatico_sin_tension.pdf  used
 on input line 401.
(pdftex.def)             Requested size: 460.35788pt x 218.1662pt.
<graficas_individuales/automatico_sin_ex.pdf, id=2120, 722.7pt x 346.29375pt>
File: graficas_individuales/automatico_sin_ex.pdf Graphic file (type pdf)
<use graficas_individuales/automatico_sin_ex.pdf>
Package pdftex.def Info: graficas_individuales/automatico_sin_ex.pdf  used on i
nput line 407.
(pdftex.def)             Requested size: 460.35788pt x 220.58629pt.
<graficas_individuales/automatico_sin_ey.pdf, id=2121, 727.71875pt x 346.29375p
t>
File: graficas_individuales/automatico_sin_ey.pdf Graphic file (type pdf)
<use graficas_individuales/automatico_sin_ey.pdf>
Package pdftex.def Info: graficas_individuales/automatico_sin_ey.pdf  used on i
nput line 413.
(pdftex.def)             Requested size: 460.35788pt x 219.07506pt.
<graficas_individuales/automatico_sin_evx.pdf, id=2122, 739.76375pt x 346.29375
pt>
File: graficas_individuales/automatico_sin_evx.pdf Graphic file (type pdf)
<use graficas_individuales/automatico_sin_evx.pdf>
Package pdftex.def Info: graficas_individuales/automatico_sin_evx.pdf  used on 
input line 419.
(pdftex.def)             Requested size: 460.35788pt x 215.50307pt.
<graficas_individuales/automatico_sin_evy.pdf, id=2123, 732.7375pt x 346.29375p
t>
File: graficas_individuales/automatico_sin_evy.pdf Graphic file (type pdf)
<use graficas_individuales/automatico_sin_evy.pdf>
Package pdftex.def Info: graficas_individuales/automatico_sin_evy.pdf  used on 
input line 425.
(pdftex.def)             Requested size: 460.35788pt x 217.5691pt.
<graficas_individuales/automatico_sin_masa.pdf, id=2124, 722.7pt x 346.29375pt>

File: graficas_individuales/automatico_sin_masa.pdf Graphic file (type pdf)
<use graficas_individuales/automatico_sin_masa.pdf>
Package pdftex.def Info: graficas_individuales/automatico_sin_masa.pdf  used on
 input line 431.
(pdftex.def)             Requested size: 460.35788pt x 220.58629pt.
<graficas_individuales/automatico_sin_ax_carga.pdf, id=2125, 732.7375pt x 346.2
9375pt>
File: graficas_individuales/automatico_sin_ax_carga.pdf Graphic file (type pdf)

<use graficas_individuales/automatico_sin_ax_carga.pdf>
Package pdftex.def Info: graficas_individuales/automatico_sin_ax_carga.pdf  use
d on input line 437.
(pdftex.def)             Requested size: 460.35788pt x 217.5691pt.
 [104

 <./graficas_individuales/automatico_sin_x.pdf>] [105 <./graficas_individuales/
automatico_sin_y.pdf> <./graficas_individuales/automatico_sin_vx.pdf>] [106 <./
graficas_individuales/automatico_sin_vy.pdf> <./graficas_individuales/automatic
o_sin_ax.pdf>] [107 <./graficas_individuales/automatico_sin_ay.pdf> <./graficas
_individuales/automatico_sin_ay_zoom.pdf>] [108 <./graficas_individuales/automa
tico_sin_theta.pdf> <./graficas_individuales/automatico_sin_omega.pdf>] [109 <.
/graficas_individuales/automatico_sin_vcmd.pdf> <./graficas_individuales/automa
tico_sin_sw.pdf>] [110 <./graficas_individuales/automatico_sin_tx.pdf> <./grafi
cas_individuales/automatico_sin_tx_zoom.pdf>] [111 <./graficas_individuales/aut
omatico_sin_ty.pdf> <./graficas_individuales/automatico_sin_tension.pdf>] [112 
<./graficas_individuales/automatico_sin_ex.pdf> <./graficas_individuales/automa
tico_sin_ey.pdf>] [113 <./graficas_individuales/automatico_sin_evx.pdf> <./graf
icas_individuales/automatico_sin_evy.pdf>] [114 <./graficas_individuales/automa
tico_sin_masa.pdf> <./graficas_individuales/automatico_sin_ax_carga.pdf>]
<graficas_individuales/automatico_con_x.pdf, id=2602, 729.72626pt x 346.29375pt
>
File: graficas_individuales/automatico_con_x.pdf Graphic file (type pdf)
<use graficas_individuales/automatico_con_x.pdf>
Package pdftex.def Info: graficas_individuales/automatico_con_x.pdf  used on in
put line 449.
(pdftex.def)             Requested size: 460.35788pt x 218.46211pt.
<graficas_individuales/automatico_con_y.pdf, id=2603, 724.7075pt x 346.29375pt>

File: graficas_individuales/automatico_con_y.pdf Graphic file (type pdf)
<use graficas_individuales/automatico_con_y.pdf>
Package pdftex.def Info: graficas_individuales/automatico_con_y.pdf  used on in
put line 455.
(pdftex.def)             Requested size: 460.35788pt x 219.97862pt.
<graficas_individuales/automatico_con_vx.pdf, id=2604, 734.745pt x 346.29375pt>

File: graficas_individuales/automatico_con_vx.pdf Graphic file (type pdf)
<use graficas_individuales/automatico_con_vx.pdf>
Package pdftex.def Info: graficas_individuales/automatico_con_vx.pdf  used on i
nput line 461.
(pdftex.def)             Requested size: 460.35788pt x 216.97731pt.
<graficas_individuales/automatico_con_vy.pdf, id=2605, 734.745pt x 346.29375pt>

File: graficas_individuales/automatico_con_vy.pdf Graphic file (type pdf)
<use graficas_individuales/automatico_con_vy.pdf>
Package pdftex.def Info: graficas_individuales/automatico_con_vy.pdf  used on i
nput line 467.
(pdftex.def)             Requested size: 460.35788pt x 216.97731pt.
<graficas_individuales/automatico_con_ax.pdf, id=2606, 734.745pt x 346.29375pt>

File: graficas_individuales/automatico_con_ax.pdf Graphic file (type pdf)
<use graficas_individuales/automatico_con_ax.pdf>
Package pdftex.def Info: graficas_individuales/automatico_con_ax.pdf  used on i
nput line 473.
(pdftex.def)             Requested size: 460.35788pt x 216.97731pt.
<graficas_individuales/automatico_con_ay.pdf, id=2607, 733.74126pt x 346.29375p
t>
File: graficas_individuales/automatico_con_ay.pdf Graphic file (type pdf)
<use graficas_individuales/automatico_con_ay.pdf>
Package pdftex.def Info: graficas_individuales/automatico_con_ay.pdf  used on i
nput line 479.
(pdftex.def)             Requested size: 460.35788pt x 217.27321pt.
<graficas_individuales/automatico_con_ay_zoom.pdf, id=2608, 734.745pt x 346.293
75pt>
File: graficas_individuales/automatico_con_ay_zoom.pdf Graphic file (type pdf)
<use graficas_individuales/automatico_con_ay_zoom.pdf>
Package pdftex.def Info: graficas_individuales/automatico_con_ay_zoom.pdf  used
 on input line 485.
(pdftex.def)             Requested size: 460.35788pt x 216.97731pt.
<graficas_individuales/automatico_con_theta.pdf, id=2609, 744.7825pt x 348.3012
5pt>
File: graficas_individuales/automatico_con_theta.pdf Graphic file (type pdf)
<use graficas_individuales/automatico_con_theta.pdf>
Package pdftex.def Info: graficas_individuales/automatico_con_theta.pdf  used o
n input line 491.
(pdftex.def)             Requested size: 460.35788pt x 215.29616pt.
<graficas_individuales/automatico_con_omega.pdf, id=2610, 749.80125pt x 346.293
75pt>
File: graficas_individuales/automatico_con_omega.pdf Graphic file (type pdf)
<use graficas_individuales/automatico_con_omega.pdf>
Package pdftex.def Info: graficas_individuales/automatico_con_omega.pdf  used o
n input line 497.
(pdftex.def)             Requested size: 460.35788pt x 212.618pt.
<graficas_individuales/automatico_con_vcmd.pdf, id=2611, 729.72626pt x 346.2937
5pt>
File: graficas_individuales/automatico_con_vcmd.pdf Graphic file (type pdf)
<use graficas_individuales/automatico_con_vcmd.pdf>
Package pdftex.def Info: graficas_individuales/automatico_con_vcmd.pdf  used on
 input line 503.
(pdftex.def)             Requested size: 460.35788pt x 218.46211pt.
<graficas_individuales/automatico_con_sw.pdf, id=2612, 734.745pt x 346.29375pt>

File: graficas_individuales/automatico_con_sw.pdf Graphic file (type pdf)
<use graficas_individuales/automatico_con_sw.pdf>
Package pdftex.def Info: graficas_individuales/automatico_con_sw.pdf  used on i
nput line 509.
(pdftex.def)             Requested size: 460.35788pt x 216.97731pt.
<graficas_individuales/automatico_con_tx.pdf, id=2613, 737.75626pt x 346.29375p
t>
File: graficas_individuales/automatico_con_tx.pdf Graphic file (type pdf)
<use graficas_individuales/automatico_con_tx.pdf>
Package pdftex.def Info: graficas_individuales/automatico_con_tx.pdf  used on i
nput line 519.
(pdftex.def)             Requested size: 460.35788pt x 216.0843pt.
<graficas_individuales/automatico_con_tx_zoom.pdf, id=2614, 733.74126pt x 346.2
9375pt>
File: graficas_individuales/automatico_con_tx_zoom.pdf Graphic file (type pdf)
<use graficas_individuales/automatico_con_tx_zoom.pdf>
Package pdftex.def Info: graficas_individuales/automatico_con_tx_zoom.pdf  used
 on input line 525.
(pdftex.def)             Requested size: 460.35788pt x 217.27321pt.
<graficas_individuales/automatico_con_ty.pdf, id=2615, 724.7075pt x 346.29375pt
>
File: graficas_individuales/automatico_con_ty.pdf Graphic file (type pdf)
<use graficas_individuales/automatico_con_ty.pdf>
Package pdftex.def Info: graficas_individuales/automatico_con_ty.pdf  used on i
nput line 531.
(pdftex.def)             Requested size: 460.35788pt x 219.97862pt.
<graficas_individuales/automatico_con_tension.pdf, id=2616, 733.74126pt x 346.2
9375pt>
File: graficas_individuales/automatico_con_tension.pdf Graphic file (type pdf)
<use graficas_individuales/automatico_con_tension.pdf>
Package pdftex.def Info: graficas_individuales/automatico_con_tension.pdf  used
 on input line 537.
(pdftex.def)             Requested size: 460.35788pt x 217.27321pt.
<graficas_individuales/automatico_con_ex.pdf, id=2617, 724.7075pt x 346.29375pt
>
File: graficas_individuales/automatico_con_ex.pdf Graphic file (type pdf)
<use graficas_individuales/automatico_con_ex.pdf>
Package pdftex.def Info: graficas_individuales/automatico_con_ex.pdf  used on i
nput line 543.
(pdftex.def)             Requested size: 460.35788pt x 219.97862pt.
<graficas_individuales/automatico_con_ey.pdf, id=2618, 729.72626pt x 346.29375p
t>
File: graficas_individuales/automatico_con_ey.pdf Graphic file (type pdf)
<use graficas_individuales/automatico_con_ey.pdf>
Package pdftex.def Info: graficas_individuales/automatico_con_ey.pdf  used on i
nput line 549.
(pdftex.def)             Requested size: 460.35788pt x 218.46211pt.
<graficas_individuales/automatico_con_evx.pdf, id=2619, 734.745pt x 346.29375pt
>
File: graficas_individuales/automatico_con_evx.pdf Graphic file (type pdf)
<use graficas_individuales/automatico_con_evx.pdf>
Package pdftex.def Info: graficas_individuales/automatico_con_evx.pdf  used on 
input line 555.
(pdftex.def)             Requested size: 460.35788pt x 216.97731pt.
<graficas_individuales/automatico_con_evy.pdf, id=2620, 734.745pt x 346.29375pt
>
File: graficas_individuales/automatico_con_evy.pdf Graphic file (type pdf)
<use graficas_individuales/automatico_con_evy.pdf>
Package pdftex.def Info: graficas_individuales/automatico_con_evy.pdf  used on 
input line 561.
(pdftex.def)             Requested size: 460.35788pt x 216.97731pt.
<graficas_individuales/automatico_con_masa.pdf, id=2621, 724.7075pt x 346.29375
pt>
File: graficas_individuales/automatico_con_masa.pdf Graphic file (type pdf)
<use graficas_individuales/automatico_con_masa.pdf>
Package pdftex.def Info: graficas_individuales/automatico_con_masa.pdf  used on
 input line 567.
(pdftex.def)             Requested size: 460.35788pt x 219.97862pt.
<graficas_individuales/automatico_con_ax_carga.pdf, id=2622, 734.745pt x 346.29
375pt>
File: graficas_individuales/automatico_con_ax_carga.pdf Graphic file (type pdf)

<use graficas_individuales/automatico_con_ax_carga.pdf>
Package pdftex.def Info: graficas_individuales/automatico_con_ax_carga.pdf  use
d on input line 573.
(pdftex.def)             Requested size: 460.35788pt x 216.97731pt.
 [115

 <./graficas_individuales/automatico_con_x.pdf>] [116 <./graficas_individuales/
automatico_con_y.pdf> <./graficas_individuales/automatico_con_vx.pdf>] [117 <./
graficas_individuales/automatico_con_vy.pdf> <./graficas_individuales/automatic
o_con_ax.pdf>] [118 <./graficas_individuales/automatico_con_ay.pdf> <./graficas
_individuales/automatico_con_ay_zoom.pdf>] [119 <./graficas_individuales/automa
tico_con_theta.pdf> <./graficas_individuales/automatico_con_omega.pdf>] [120 <.
/graficas_individuales/automatico_con_vcmd.pdf> <./graficas_individuales/automa
tico_con_sw.pdf>] [121 <./graficas_individuales/automatico_con_tx.pdf> <./grafi
cas_individuales/automatico_con_tx_zoom.pdf>] [122 <./graficas_individuales/aut
omatico_con_ty.pdf> <./graficas_individuales/automatico_con_tension.pdf>] [123 
<./graficas_individuales/automatico_con_ex.pdf> <./graficas_individuales/automa
tico_con_ey.pdf>] [124 <./graficas_individuales/automatico_con_evx.pdf> <./graf
icas_individuales/automatico_con_evy.pdf>] [125 <./graficas_individuales/automa
tico_con_masa.pdf> <./graficas_individuales/automatico_con_ax_carga.pdf>]
<graficas_individuales/comparacion_x.pdf, id=3098, 717.68124pt x 315.1775pt>
File: graficas_individuales/comparacion_x.pdf Graphic file (type pdf)
<use graficas_individuales/comparacion_x.pdf>
Package pdftex.def Info: graficas_individuales/comparacion_x.pdf  used on input
 line 597.
(pdftex.def)             Requested size: 460.35788pt x 202.17459pt.
<graficas_individuales/comparacion_y.pdf, id=3099, 712.6625pt x 315.1775pt>
File: graficas_individuales/comparacion_y.pdf Graphic file (type pdf)
<use graficas_individuales/comparacion_y.pdf>
Package pdftex.def Info: graficas_individuales/comparacion_y.pdf  used on input
 line 603.
(pdftex.def)             Requested size: 460.35788pt x 203.5933pt.
<graficas_individuales/comparacion_theta.pdf, id=3100, 731.73375pt x 318.18875p
t>
File: graficas_individuales/comparacion_theta.pdf Graphic file (type pdf)
<use graficas_individuales/comparacion_theta.pdf>
Package pdftex.def Info: graficas_individuales/comparacion_theta.pdf  used on i
nput line 609.
(pdftex.def)             Requested size: 460.35788pt x 200.18321pt.
<graficas_individuales/comparacion_masa.pdf, id=3101, 712.6625pt x 315.1775pt>
File: graficas_individuales/comparacion_masa.pdf Graphic file (type pdf)
<use graficas_individuales/comparacion_masa.pdf>
Package pdftex.def Info: graficas_individuales/comparacion_masa.pdf  used on in
put line 615.
(pdftex.def)             Requested size: 460.35788pt x 203.5933pt.
<graficas_individuales/perfil.pdf, id=3102, 710.655pt x 315.1775pt>
File: graficas_individuales/perfil.pdf Graphic file (type pdf)
<use graficas_individuales/perfil.pdf>
Package pdftex.def Info: graficas_individuales/perfil.pdf  used on input line 6
21.
(pdftex.def)             Requested size: 460.35788pt x 204.17522pt.
 [126

 <./graficas_individuales/comparacion_x.pdf>] [127 <./graficas_individuales/com
paracion_y.pdf> <./graficas_individuales/comparacion_theta.pdf>] [128 <./grafic
as_individuales/comparacion_masa.pdf> <./graficas_individuales/perfil.pdf>]) [1
29]
Underfull \hbox (badness 1389) in paragraph at lines 1880--1881
[]\T1/ptm/m/n/10 El con-tac-to se re-pre-sen-ta me-dian-te ri-gi-dez con-cen-tr
a-da y el vien-to no se mo-de-la ex-plí-ci-ta-men-te. Los
 []

[130

] [131] [132

] [133]
LaTeX Font Info:    Trying to load font information for TS1+ptm on input line 2
017.

(C:\Users\meesc\AppData\Local\Programs\MiKTeX\tex/latex/psnfss\ts1ptm.fd
File: ts1ptm.fd 2001/06/04 font definitions for TS1/ptm.
)
[134] 
enddocument/afterlastpage (AED): lastpage setting LastPage.
(Informe_Proyecto_Grua_STS_3009.aux
LaTeX Info: Redefining \. on input line 9.
LaTeX Info: Redefining \% on input line 9.
)
 ***********
LaTeX2e <2025-11-01>
L3 programming layer <2025-12-24>
 ***********
 ) 
Here is how much of TeX's memory you used:
 14929 strings out of 467870
 295874 string characters out of 5418355
 912057 words of memory out of 5000000
 43563 multiletter control sequences out of 15000+600000
 702339 words of font info for 169 fonts, out of 8000000 for 9000
 1141 hyphenation exceptions out of 8191
 72i,13n,117p,1684b,2537s stack positions out of 10000i,1000n,20000p,200000b,200000s
<C:/Users/meesc/AppData/Local/Programs/MiKTeX/fonts/type1/public/amsfonts/cm/
cmex10.pfb><C:/Users/meesc/AppData/Local/Programs/MiKTeX/fonts/type1/public/ams
fonts/cm/cmmi10.pfb><C:/Users/meesc/AppData/Local/Programs/MiKTeX/fonts/type1/p
ublic/amsfonts/cm/cmr10.pfb><C:/Users/meesc/AppData/Local/Programs/MiKTeX/fonts
/type1/public/amsfonts/cm/cmsy10.pfb><C:/Users/meesc/AppData/Local/Programs/MiK
TeX/fonts/type1/urw/courier/ucrb8a.pfb><C:/Users/meesc/AppData/Local/Programs/M
iKTeX/fonts/type1/urw/courier/ucrr8a.pfb><C:/Users/meesc/AppData/Local/Programs
/MiKTeX/fonts/type1/urw/courier/ucrro8a.pfb><C:/Users/meesc/AppData/Local/Progr
ams/MiKTeX/fonts/type1/urw/symbol/usyr.pfb><C:/Users/meesc/AppData/Local/Progra
ms/MiKTeX/fonts/type1/urw/symbol/usyr.pfb><C:/Users/meesc/AppData/Local/Program
s/MiKTeX/fonts/type1/urw/times/utmb8a.pfb><C:/Users/meesc/AppData/Local/Program
s/MiKTeX/fonts/type1/urw/times/utmr8a.pfb><C:/Users/meesc/AppData/Local/Program
s/MiKTeX/fonts/type1/urw/times/utmri8a.pfb>
Output written on Informe_Proyecto_Grua_STS_3009.pdf (135 pages, 14677627 bytes
).
PDF statistics:
 3277 PDF objects out of 3580 (max. 8388607)
 0 named destinations out of 1000 (max. 500000)
 741 words of extra memory for PDF output out of 10000 (max. 10000000)

